Archive member included to satisfy reference by file (symbol)

c:/gcc-arm-none-eabi-10.3-2021.10/bin/../lib/gcc/arm-none-eabi/10.3.1/thumb/v7e-m+fp/hard\libgcc.a(_arm_muldf3.o)
                              CMakeFiles/foc.elf.dir/DSP_LIB/Source/FilteringFunctions/arm_biquad_cascade_df2T_f64.c.obj (__aeabi_dmul)
c:/gcc-arm-none-eabi-10.3-2021.10/bin/../lib/gcc/arm-none-eabi/10.3.1/thumb/v7e-m+fp/hard\libgcc.a(_arm_addsubdf3.o)
                              CMakeFiles/foc.elf.dir/DSP_LIB/Source/MatrixFunctions/arm_mat_inverse_f64.c.obj (__aeabi_dsub)
c:/gcc-arm-none-eabi-10.3-2021.10/bin/../lib/gcc/arm-none-eabi/10.3.1/thumb/v7e-m+fp/hard\libgcc.a(_arm_muldivdf3.o)
                              CMakeFiles/foc.elf.dir/DSP_LIB/Source/MatrixFunctions/arm_mat_inverse_f64.c.obj (__aeabi_ddiv)
c:/gcc-arm-none-eabi-10.3-2021.10/bin/../lib/gcc/arm-none-eabi/10.3.1/thumb/v7e-m+fp/hard\libgcc.a(_arm_cmpdf2.o)
                              CMakeFiles/foc.elf.dir/DSP_LIB/Source/MatrixFunctions/arm_mat_inverse_f64.c.obj (__aeabi_dcmpeq)
c:/gcc-arm-none-eabi-10.3-2021.10/bin/../lib/gcc/arm-none-eabi/10.3.1/thumb/v7e-m+fp/hard\libgcc.a(_arm_truncdfsf2.o)
                              CMakeFiles/foc.elf.dir/foc/svpwm.c.obj (__aeabi_d2f)
c:/gcc-arm-none-eabi-10.3-2021.10/bin/../lib/gcc/arm-none-eabi/10.3.1/thumb/v7e-m+fp/hard\libgcc.a(_aeabi_ldivmod.o)
                              CMakeFiles/foc.elf.dir/DSP_LIB/Source/StatisticsFunctions/arm_mean_q31.c.obj (__aeabi_ldivmod)
c:/gcc-arm-none-eabi-10.3-2021.10/bin/../lib/gcc/arm-none-eabi/10.3.1/thumb/v7e-m+fp/hard\libgcc.a(_aeabi_uldivmod.o)
                              CMakeFiles/foc.elf.dir/Drivers/STM32F4xx_HAL_Driver/Src/stm32f4xx_hal_rcc.c.obj (__aeabi_uldivmod)
c:/gcc-arm-none-eabi-10.3-2021.10/bin/../lib/gcc/arm-none-eabi/10.3.1/thumb/v7e-m+fp/hard\libgcc.a(_fixsfdi.o)
                              CMakeFiles/foc.elf.dir/DSP_LIB/Source/SupportFunctions/arm_float_to_q31.c.obj (__aeabi_f2lz)
c:/gcc-arm-none-eabi-10.3-2021.10/bin/../lib/gcc/arm-none-eabi/10.3.1/thumb/v7e-m+fp/hard\libgcc.a(_fixunssfdi.o)
                              c:/gcc-arm-none-eabi-10.3-2021.10/bin/../lib/gcc/arm-none-eabi/10.3.1/thumb/v7e-m+fp/hard\libgcc.a(_fixsfdi.o) (__aeabi_f2ulz)
c:/gcc-arm-none-eabi-10.3-2021.10/bin/../lib/gcc/arm-none-eabi/10.3.1/thumb/v7e-m+fp/hard\libgcc.a(_udivmoddi4.o)
                              c:/gcc-arm-none-eabi-10.3-2021.10/bin/../lib/gcc/arm-none-eabi/10.3.1/thumb/v7e-m+fp/hard\libgcc.a(_aeabi_ldivmod.o) (__udivmoddi4)
c:/gcc-arm-none-eabi-10.3-2021.10/bin/../lib/gcc/arm-none-eabi/10.3.1/thumb/v7e-m+fp/hard\libgcc.a(_dvmd_tls.o)
                              c:/gcc-arm-none-eabi-10.3-2021.10/bin/../lib/gcc/arm-none-eabi/10.3.1/thumb/v7e-m+fp/hard\libgcc.a(_aeabi_ldivmod.o) (__aeabi_ldiv0)
c:/gcc-arm-none-eabi-10.3-2021.10/bin/../lib/gcc/arm-none-eabi/10.3.1/thumb/v7e-m+fp/hard\libgcc.a(_arm_fixunsdfsi.o)
                              c:/gcc-arm-none-eabi-10.3-2021.10/bin/../lib/gcc/arm-none-eabi/10.3.1/thumb/v7e-m+fp/hard\libgcc.a(_fixunssfdi.o) (__aeabi_d2uiz)
c:/gcc-arm-none-eabi-10.3-2021.10/bin/../lib/gcc/arm-none-eabi/10.3.1/../../../../arm-none-eabi/lib/thumb/v7e-m+fp/hard\libg.a(lib_a-errno.o)
                              CMakeFiles/foc.elf.dir/Core/Src/syscalls.c.obj (__errno)
c:/gcc-arm-none-eabi-10.3-2021.10/bin/../lib/gcc/arm-none-eabi/10.3.1/../../../../arm-none-eabi/lib/thumb/v7e-m+fp/hard\libg.a(lib_a-exit.o)
                              c:/gcc-arm-none-eabi-10.3-2021.10/bin/../lib/gcc/arm-none-eabi/10.3.1/../../../../arm-none-eabi/lib/thumb/v7e-m+fp/hard/crt0.o (exit)
c:/gcc-arm-none-eabi-10.3-2021.10/bin/../lib/gcc/arm-none-eabi/10.3.1/../../../../arm-none-eabi/lib/thumb/v7e-m+fp/hard\libg.a(lib_a-impure.o)
                              c:/gcc-arm-none-eabi-10.3-2021.10/bin/../lib/gcc/arm-none-eabi/10.3.1/../../../../arm-none-eabi/lib/thumb/v7e-m+fp/hard\libg.a(lib_a-exit.o) (_global_impure_ptr)
c:/gcc-arm-none-eabi-10.3-2021.10/bin/../lib/gcc/arm-none-eabi/10.3.1/../../../../arm-none-eabi/lib/thumb/v7e-m+fp/hard\libg.a(lib_a-init.o)
                              c:/gcc-arm-none-eabi-10.3-2021.10/bin/../lib/gcc/arm-none-eabi/10.3.1/../../../../arm-none-eabi/lib/thumb/v7e-m+fp/hard/crt0.o (__libc_init_array)
c:/gcc-arm-none-eabi-10.3-2021.10/bin/../lib/gcc/arm-none-eabi/10.3.1/../../../../arm-none-eabi/lib/thumb/v7e-m+fp/hard\libg.a(lib_a-memset.o)
                              c:/gcc-arm-none-eabi-10.3-2021.10/bin/../lib/gcc/arm-none-eabi/10.3.1/../../../../arm-none-eabi/lib/thumb/v7e-m+fp/hard/crt0.o (memset)
c:/gcc-arm-none-eabi-10.3-2021.10/bin/../lib/gcc/arm-none-eabi/10.3.1/../../../../arm-none-eabi/lib/thumb/v7e-m+fp/hard\libg.a(lib_a-vsnprintf.o)
                              CMakeFiles/foc.elf.dir/Core/Src/main.c.obj (vsnprintf)
c:/gcc-arm-none-eabi-10.3-2021.10/bin/../lib/gcc/arm-none-eabi/10.3.1/../../../../arm-none-eabi/lib/thumb/v7e-m+fp/hard\libg.a(lib_a-__call_atexit.o)
[...]
Memory Configuration

Name             Origin             Length             Attributes
RAM              0x20000000         0x00010000         xrw
FLASH            0x08000000         0x00040000         xr
*default*        0x00000000         0xffffffff

Linker script and memory map

LOAD c:/gcc-arm-none-eabi-10.3-2021.10/bin/../lib/gcc/arm-none-eabi/10.3.1/thumb/v7e-m+fp/hard/crti.o
LOAD c:/gcc-arm-none-eabi-10.3-2021.10/bin/../lib/gcc/arm-none-eabi/10.3.1/thumb/v7e-m+fp/hard/crtbegin.o
LOAD c:/gcc-arm-none-eabi-10.3-2021.10/bin/../lib/gcc/arm-none-eabi/10.3.1/../../../../arm-none-eabi/lib/thumb/v7e-m+fp/hard/crt0.o
LOAD CMakeFiles/foc.elf.dir/AS5047/AS5047P.c.obj
LOAD CMakeFiles/foc.elf.dir/Core/Src/adc.c.obj
LOAD CMakeFiles/foc.elf.dir/Core/Src/dma.c.obj
LOAD CMakeFiles/foc.elf.dir/Core/Src/gpio.c.obj
LOAD CMakeFiles/foc.elf.dir/Core/Src/i2c.c.obj
LOAD CMakeFiles/foc.elf.dir/Core/Src/main.c.obj
LOAD CMakeFiles/foc.elf.dir/Core/Src/spi.c.obj
LOAD CMakeFiles/foc.elf.dir/Core/Src/stm32f4xx_hal_msp.c.obj
LOAD CMakeFiles/foc.elf.dir/Core/Src/stm32f4xx_it.c.obj
LOAD CMakeFiles/foc.elf.dir/Core/Src/syscalls.c.obj
LOAD CMakeFiles/foc.elf.dir/Core/Src/sysmem.c.obj
LOAD CMakeFiles/foc.elf.dir/Core/Src/system_stm32f4xx.c.obj
LOAD CMakeFiles/foc.elf.dir/Core/Src/tim.c.obj
LOAD CMakeFiles/foc.elf.dir/Core/Src/usart.c.obj
LOAD CMakeFiles/foc.elf.dir/Core/Src/usb_otg.c.obj
LOAD CMakeFiles/foc.elf.dir/Core/Startup/startup_stm32f401ccux.s.obj
LOAD CMakeFiles/foc.elf.dir/DSP_LIB/Source/BasicMathFunctions/arm_abs_f32.c.obj
LOAD CMakeFiles/foc.elf.dir/DSP_LIB/Source/BasicMathFunctions/arm_abs_q15.c.obj
LOAD CMakeFiles/foc.elf.dir/DSP_LIB/Source/BasicMathFunctions/arm_abs_q31.c.obj
LOAD CMakeFiles/foc.elf.dir/DSP_LIB/Source/BasicMathFunctions/arm_abs_q7.c.obj
LOAD CMakeFiles/foc.elf.dir/DSP_LIB/Source/BasicMathFunctions/arm_add_f32.c.obj
LOAD CMakeFiles/foc.elf.dir/DSP_LIB/Source/BasicMathFunctions/arm_add_q15.c.obj
LOAD CMakeFiles/foc.elf.dir/DSP_LIB/Source/BasicMathFunctions/arm_add_q31.c.obj
LOAD CMakeFiles/foc.elf.dir/DSP_LIB/Source/BasicMathFunctions/arm_add_q7.c.obj
LOAD CMakeFiles/foc.elf.dir/DSP_LIB/Source/BasicMathFunctions/arm_dot_prod_f32.c.obj
LOAD CMakeFiles/foc.elf.dir/DSP_LIB/Source/BasicMathFunctions/arm_dot_prod_q15.c.obj
LOAD CMakeFiles/foc.elf.dir/DSP_LIB/Source/BasicMathFunctions/arm_dot_prod_q31.c.obj
LOAD CMakeFiles/foc.elf.dir/DSP_LIB/Source/BasicMathFunctions/arm_dot_prod_q7.c.obj
LOAD CMakeFiles/foc.elf.dir/DSP_LIB/Source/BasicMathFunctions/arm_mult_f32.c.obj
LOAD CMakeFiles/foc.elf.dir/DSP_LIB/Source/BasicMathFunctions/arm_mult_q15.c.obj
LOAD CMakeFiles/foc.elf.dir/DSP_LIB/Source/BasicMathFunctions/arm_mult_q31.c.obj
LOAD CMakeFiles/foc.elf.dir/DSP_LIB/Source/BasicMathFunctions/arm_mult_q7.c.obj
LOAD CMakeFiles/foc.elf.dir/DSP_LIB/Source/BasicMathFunctions/arm_negate_f32.c.obj
LOAD CMakeFiles/foc.elf.dir/DSP_LIB/Source/BasicMathFunctions/arm_negate_q15.c.obj
LOAD CMakeFiles/foc.elf.dir/DSP_LIB/Source/BasicMathFunctions/arm_negate_q31.c.obj
LOAD CMakeFiles/foc.elf.dir/DSP_LIB/Source/BasicMathFunctions/arm_negate_q7.c.obj
LOAD CMakeFiles/foc.elf.dir/DSP_LIB/Source/BasicMathFunctions/arm_offset_f32.c.obj
LOAD CMakeFiles/foc.elf.dir/DSP_LIB/Source/BasicMathFunctions/arm_offset_q15.c.obj
LOAD CMakeFiles/foc.elf.dir/DSP_LIB/Source/BasicMathFunctions/arm_offset_q31.c.obj
LOAD CMakeFiles/foc.elf.dir/DSP_LIB/Source/BasicMathFunctions/arm_offset_q7.c.obj
LOAD CMakeFiles/foc.elf.dir/DSP_LIB/Source/BasicMathFunctions/arm_scale_f32.c.obj
LOAD CMakeFiles/foc.elf.dir/DSP_LIB/Source/BasicMathFunctions/arm_scale_q15.c.obj
LOAD CMakeFiles/foc.elf.dir/DSP_LIB/Source/BasicMathFunctions/arm_scale_q31.c.obj
LOAD CMakeFiles/foc.elf.dir/DSP_LIB/Source/BasicMathFunctions/arm_scale_q7.c.obj
LOAD CMakeFiles/foc.elf.dir/DSP_LIB/Source/BasicMathFunctions/arm_shift_q15.c.obj
LOAD CMakeFiles/foc.elf.dir/DSP_LIB/Source/BasicMathFunctions/arm_shift_q31.c.obj
LOAD CMakeFiles/foc.elf.dir/DSP_LIB/Source/BasicMathFunctions/arm_shift_q7.c.obj
LOAD CMakeFiles/foc.elf.dir/DSP_LIB/Source/BasicMathFunctions/arm_sub_f32.c.obj
LOAD CMakeFiles/foc.elf.dir/DSP_LIB/Source/BasicMathFunctions/arm_sub_q15.c.obj
LOAD CMakeFiles/foc.elf.dir/DSP_LIB/Source/BasicMathFunctions/arm_sub_q31.c.obj
LOAD CMakeFiles/foc.elf.dir/DSP_LIB/Source/BasicMathFunctions/arm_sub_q7.c.obj
LOAD CMakeFiles/foc.elf.dir/DSP_LIB/Source/CommonTables/arm_common_tables.c.obj
LOAD CMakeFiles/foc.elf.dir/DSP_LIB/Source/CommonTables/arm_const_structs.c.obj
LOAD CMakeFiles/foc.elf.dir/DSP_LIB/Source/ComplexMathFunctions/arm_cmplx_conj_f32.c.obj
LOAD CMakeFiles/foc.elf.dir/DSP_LIB/Source/ComplexMathFunctions/arm_cmplx_conj_q15.c.obj
LOAD CMakeFiles/foc.elf.dir/DSP_LIB/Source/ComplexMathFunctions/arm_cmplx_conj_q31.c.obj
LOAD CMakeFiles/foc.elf.dir/DSP_LIB/Source/ComplexMathFunctions/arm_cmplx_dot_prod_f32.c.obj
LOAD CMakeFiles/foc.elf.dir/DSP_LIB/Source/ComplexMathFunctions/arm_cmplx_dot_prod_q15.c.obj
LOAD CMakeFiles/foc.elf.dir/DSP_LIB/Source/ComplexMathFunctions/arm_cmplx_dot_prod_q31.c.obj
LOAD CMakeFiles/foc.elf.dir/DSP_LIB/Source/ComplexMathFunctions/arm_cmplx_mag_f32.c.obj
LOAD CMakeFiles/foc.elf.dir/DSP_LIB/Source/ComplexMathFunctions/arm_cmplx_mag_q15.c.obj
LOAD CMakeFiles/foc.elf.dir/DSP_LIB/Source/ComplexMathFunctions/arm_cmplx_mag_q31.c.obj
LOAD CMakeFiles/foc.elf.dir/DSP_LIB/Source/ComplexMathFunctions/arm_cmplx_mag_squared_f32.c.obj
LOAD CMakeFiles/foc.elf.dir/DSP_LIB/Source/ComplexMathFunctions/arm_cmplx_mag_squared_q15.c.obj
LOAD CMakeFiles/foc.elf.dir/DSP_LIB/Source/ComplexMathFunctions/arm_cmplx_mag_squared_q31.c.obj
LOAD CMakeFiles/foc.elf.dir/DSP_LIB/Source/ComplexMathFunctions/arm_cmplx_mult_cmplx_f32.c.obj
LOAD CMakeFiles/foc.elf.dir/DSP_LIB/Source/ComplexMathFunctions/arm_cmplx_mult_cmplx_q15.c.obj
LOAD CMakeFiles/foc.elf.dir/DSP_LIB/Source/ComplexMathFunctions/arm_cmplx_mult_cmplx_q31.c.obj
LOAD CMakeFiles/foc.elf.dir/DSP_LIB/Source/ComplexMathFunctions/arm_cmplx_mult_real_f32.c.obj
LOAD CMakeFiles/foc.elf.dir/DSP_LIB/Source/ComplexMathFunctions/arm_cmplx_mult_real_q15.c.obj
LOAD CMakeFiles/foc.elf.dir/DSP_LIB/Source/ComplexMathFunctions/arm_cmplx_mult_real_q31.c.obj
LOAD CMakeFiles/foc.elf.dir/DSP_LIB/Source/ControllerFunctions/arm_pid_init_f32.c.obj
LOAD CMakeFiles/foc.elf.dir/DSP_LIB/Source/ControllerFunctions/arm_pid_init_q15.c.obj
LOAD CMakeFiles/foc.elf.dir/DSP_LIB/Source/ControllerFunctions/arm_pid_init_q31.c.obj
LOAD CMakeFiles/foc.elf.dir/DSP_LIB/Source/ControllerFunctions/arm_pid_reset_f32.c.obj
LOAD CMakeFiles/foc.elf.dir/DSP_LIB/Source/ControllerFunctions/arm_pid_reset_q15.c.obj
LOAD CMakeFiles/foc.elf.dir/DSP_LIB/Source/ControllerFunctions/arm_pid_reset_q31.c.obj
LOAD CMakeFiles/foc.elf.dir/DSP_LIB/Source/ControllerFunctions/arm_sin_cos_f32.c.obj
LOAD CMakeFiles/foc.elf.dir/DSP_LIB/Source/ControllerFunctions/arm_sin_cos_q31.c.obj
LOAD CMakeFiles/foc.elf.dir/DSP_LIB/Source/FastMathFunctions/arm_cos_f32.c.obj
LOAD CMakeFiles/foc.elf.dir/DSP_LIB/Source/FastMathFunctions/arm_cos_q15.c.obj
LOAD CMakeFiles/foc.elf.dir/DSP_LIB/Source/FastMathFunctions/arm_cos_q31.c.obj
LOAD CMakeFiles/foc.elf.dir/DSP_LIB/Source/FastMathFunctions/arm_sin_f32.c.obj
LOAD CMakeFiles/foc.elf.dir/DSP_LIB/Source/FastMathFunctions/arm_sin_q15.c.obj
LOAD CMakeFiles/foc.elf.dir/DSP_LIB/Source/FastMathFunctions/arm_sin_q31.c.obj
LOAD CMakeFiles/foc.elf.dir/DSP_LIB/Source/FastMathFunctions/arm_sqrt_q15.c.obj
LOAD CMakeFiles/foc.elf.dir/DSP_LIB/Source/FastMathFunctions/arm_sqrt_q31.c.obj
LOAD CMakeFiles/foc.elf.dir/DSP_LIB/Source/FilteringFunctions/arm_biquad_cascade_df1_32x64_init_q31.c.obj
LOAD CMakeFiles/foc.elf.dir/DSP_LIB/Source/FilteringFunctions/arm_biquad_cascade_df1_32x64_q31.c.obj
LOAD CMakeFiles/foc.elf.dir/DSP_LIB/Source/FilteringFunctions/arm_biquad_cascade_df1_f32.c.obj
LOAD CMakeFiles/foc.elf.dir/DSP_LIB/Source/FilteringFunctions/arm_biquad_cascade_df1_fast_q15.c.obj
LOAD CMakeFiles/foc.elf.dir/DSP_LIB/Source/FilteringFunctions/arm_biquad_cascade_df1_fast_q31.c.obj
LOAD CMakeFiles/foc.elf.dir/DSP_LIB/Source/FilteringFunctions/arm_biquad_cascade_df1_init_f32.c.obj
LOAD CMakeFiles/foc.elf.dir/DSP_LIB/Source/FilteringFunctions/arm_biquad_cascade_df1_init_q15.c.obj
LOAD CMakeFiles/foc.elf.dir/DSP_LIB/Source/FilteringFunctions/arm_biquad_cascade_df1_init_q31.c.obj
LOAD CMakeFiles/foc.elf.dir/DSP_LIB/Source/FilteringFunctions/arm_biquad_cascade_df1_q15.c.obj
LOAD CMakeFiles/foc.elf.dir/DSP_LIB/Source/FilteringFunctions/arm_biquad_cascade_df1_q31.c.obj
LOAD CMakeFiles/foc.elf.dir/DSP_LIB/Source/FilteringFunctions/arm_biquad_cascade_df2T_f32.c.obj
LOAD CMakeFiles/foc.elf.dir/DSP_LIB/Source/FilteringFunctions/arm_biquad_cascade_df2T_f64.c.obj
LOAD CMakeFiles/foc.elf.dir/DSP_LIB/Source/FilteringFunctions/arm_biquad_cascade_df2T_init_f32.c.obj
LOAD CMakeFiles/foc.elf.dir/DSP_LIB/Source/FilteringFunctions/arm_biquad_cascade_df2T_init_f64.c.obj
LOAD CMakeFiles/foc.elf.dir/DSP_LIB/Source/FilteringFunctions/arm_biquad_cascade_stereo_df2T_f32.c.obj
LOAD CMakeFiles/foc.elf.dir/DSP_LIB/Source/FilteringFunctions/arm_biquad_cascade_stereo_df2T_init_f32.c.obj
LOAD CMakeFiles/foc.elf.dir/DSP_LIB/Source/FilteringFunctions/arm_conv_f32.c.obj
LOAD CMakeFiles/foc.elf.dir/DSP_LIB/Source/FilteringFunctions/arm_conv_fast_opt_q15.c.obj
LOAD CMakeFiles/foc.elf.dir/DSP_LIB/Source/FilteringFunctions/arm_conv_fast_q15.c.obj
LOAD CMakeFiles/foc.elf.dir/DSP_LIB/Source/FilteringFunctions/arm_conv_fast_q31.c.obj
LOAD CMakeFiles/foc.elf.dir/DSP_LIB/Source/FilteringFunctions/arm_conv_opt_q15.c.obj
LOAD CMakeFiles/foc.elf.dir/DSP_LIB/Source/FilteringFunctions/arm_conv_opt_q7.c.obj
LOAD CMakeFiles/foc.elf.dir/DSP_LIB/Source/FilteringFunctions/arm_conv_partial_f32.c.obj
LOAD CMakeFiles/foc.elf.dir/DSP_LIB/Source/FilteringFunctions/arm_conv_partial_fast_opt_q15.c.obj
LOAD CMakeFiles/foc.elf.dir/DSP_LIB/Source/FilteringFunctions/arm_conv_partial_fast_q15.c.obj
LOAD CMakeFiles/foc.elf.dir/DSP_LIB/Source/FilteringFunctions/arm_conv_partial_fast_q31.c.obj
LOAD CMakeFiles/foc.elf.dir/DSP_LIB/Source/FilteringFunctions/arm_conv_partial_opt_q15.c.obj
LOAD CMakeFiles/foc.elf.dir/DSP_LIB/Source/FilteringFunctions/arm_conv_partial_opt_q7.c.obj
LOAD CMakeFiles/foc.elf.dir/DSP_LIB/Source/FilteringFunctions/arm_conv_partial_q15.c.obj
LOAD CMakeFiles/foc.elf.dir/DSP_LIB/Source/FilteringFunctions/arm_conv_partial_q31.c.obj
LOAD CMakeFiles/foc.elf.dir/DSP_LIB/Source/FilteringFunctions/arm_conv_partial_q7.c.obj
LOAD CMakeFiles/foc.elf.dir/DSP_LIB/Source/FilteringFunctions/arm_conv_q15.c.obj
LOAD CMakeFiles/foc.elf.dir/DSP_LIB/Source/FilteringFunctions/arm_conv_q31.c.obj
LOAD CMakeFiles/foc.elf.dir/DSP_LIB/Source/FilteringFunctions/arm_conv_q7.c.obj
LOAD CMakeFiles/foc.elf.dir/DSP_LIB/Source/FilteringFunctions/arm_correlate_f32.c.obj
LOAD CMakeFiles/foc.elf.dir/DSP_LIB/Source/FilteringFunctions/arm_correlate_fast_opt_q15.c.obj
LOAD CMakeFiles/foc.elf.dir/DSP_LIB/Source/FilteringFunctions/arm_correlate_fast_q15.c.obj
LOAD CMakeFiles/foc.elf.dir/DSP_LIB/Source/FilteringFunctions/arm_correlate_fast_q31.c.obj
LOAD CMakeFiles/foc.elf.dir/DSP_LIB/Source/FilteringFunctions/arm_correlate_opt_q15.c.obj
LOAD CMakeFiles/foc.elf.dir/DSP_LIB/Source/FilteringFunctions/arm_correlate_opt_q7.c.obj
LOAD CMakeFiles/foc.elf.dir/DSP_LIB/Source/FilteringFunctions/arm_correlate_q15.c.obj
LOAD CMakeFiles/foc.elf.dir/DSP_LIB/Source/FilteringFunctions/arm_correlate_q31.c.obj
LOAD CMakeFiles/foc.elf.dir/DSP_LIB/Source/FilteringFunctions/arm_correlate_q7.c.obj
LOAD CMakeFiles/foc.elf.dir/DSP_LIB/Source/FilteringFunctions/arm_fir_decimate_f32.c.obj
LOAD CMakeFiles/foc.elf.dir/DSP_LIB/Source/FilteringFunctions/arm_fir_decimate_fast_q15.c.obj
LOAD CMakeFiles/foc.elf.dir/DSP_LIB/Source/FilteringFunctions/arm_fir_decimate_fast_q31.c.obj
LOAD CMakeFiles/foc.elf.dir/DSP_LIB/Source/FilteringFunctions/arm_fir_decimate_init_f32.c.obj
LOAD CMakeFiles/foc.elf.dir/DSP_LIB/Source/FilteringFunctions/arm_fir_decimate_init_q15.c.obj
LOAD CMakeFiles/foc.elf.dir/DSP_LIB/Source/FilteringFunctions/arm_fir_decimate_init_q31.c.obj
LOAD CMakeFiles/foc.elf.dir/DSP_LIB/Source/FilteringFunctions/arm_fir_decimate_q15.c.obj
LOAD CMakeFiles/foc.elf.dir/DSP_LIB/Source/FilteringFunctions/arm_fir_decimate_q31.c.obj
LOAD CMakeFiles/foc.elf.dir/DSP_LIB/Source/FilteringFunctions/arm_fir_f32.c.obj
LOAD CMakeFiles/foc.elf.dir/DSP_LIB/Source/FilteringFunctions/arm_fir_fast_q15.c.obj
LOAD CMakeFiles/foc.elf.dir/DSP_LIB/Source/FilteringFunctions/arm_fir_fast_q31.c.obj
LOAD CMakeFiles/foc.elf.dir/DSP_LIB/Source/FilteringFunctions/arm_fir_init_f32.c.obj
LOAD CMakeFiles/foc.elf.dir/DSP_LIB/Source/FilteringFunctions/arm_fir_init_q15.c.obj
LOAD CMakeFiles/foc.elf.dir/DSP_LIB/Source/FilteringFunctions/arm_fir_init_q31.c.obj
LOAD CMakeFiles/foc.elf.dir/DSP_LIB/Source/FilteringFunctions/arm_fir_init_q7.c.obj
LOAD CMakeFiles/foc.elf.dir/DSP_LIB/Source/FilteringFunctions/arm_fir_interpolate_f32.c.obj
LOAD CMakeFiles/foc.elf.dir/DSP_LIB/Source/FilteringFunctions/arm_fir_interpolate_init_f32.c.obj
LOAD CMakeFiles/foc.elf.dir/DSP_LIB/Source/FilteringFunctions/arm_fir_interpolate_init_q15.c.obj
LOAD CMakeFiles/foc.elf.dir/DSP_LIB/Source/FilteringFunctions/arm_fir_interpolate_init_q31.c.obj
LOAD CMakeFiles/foc.elf.dir/DSP_LIB/Source/FilteringFunctions/arm_fir_interpolate_q15.c.obj
LOAD CMakeFiles/foc.elf.dir/DSP_LIB/Source/FilteringFunctions/arm_fir_interpolate_q31.c.obj
LOAD CMakeFiles/foc.elf.dir/DSP_LIB/Source/FilteringFunctions/arm_fir_lattice_f32.c.obj
LOAD CMakeFiles/foc.elf.dir/DSP_LIB/Source/FilteringFunctions/arm_fir_lattice_init_f32.c.obj
LOAD CMakeFiles/foc.elf.dir/DSP_LIB/Source/FilteringFunctions/arm_fir_lattice_init_q15.c.obj
LOAD CMakeFiles/foc.elf.dir/DSP_LIB/Source/FilteringFunctions/arm_fir_lattice_init_q31.c.obj
LOAD CMakeFiles/foc.elf.dir/DSP_LIB/Source/FilteringFunctions/arm_fir_lattice_q15.c.obj
LOAD CMakeFiles/foc.elf.dir/DSP_LIB/Source/FilteringFunctions/arm_fir_lattice_q31.c.obj
LOAD CMakeFiles/foc.elf.dir/DSP_LIB/Source/FilteringFunctions/arm_fir_q15.c.obj
LOAD CMakeFiles/foc.elf.dir/DSP_LIB/Source/FilteringFunctions/arm_fir_q31.c.obj
LOAD CMakeFiles/foc.elf.dir/DSP_LIB/Source/FilteringFunctions/arm_fir_q7.c.obj
LOAD CMakeFiles/foc.elf.dir/DSP_LIB/Source/FilteringFunctions/arm_fir_sparse_f32.c.obj
LOAD CMakeFiles/foc.elf.dir/DSP_LIB/Source/FilteringFunctions/arm_fir_sparse_init_f32.c.obj
LOAD CMakeFiles/foc.elf.dir/DSP_LIB/Source/FilteringFunctions/arm_fir_sparse_init_q15.c.obj
LOAD CMakeFiles/foc.elf.dir/DSP_LIB/Source/FilteringFunctions/arm_fir_sparse_init_q31.c.obj
LOAD CMakeFiles/foc.elf.dir/DSP_LIB/Source/FilteringFunctions/arm_fir_sparse_init_q7.c.obj
LOAD CMakeFiles/foc.elf.dir/DSP_LIB/Source/FilteringFunctions/arm_fir_sparse_q15.c.obj
LOAD CMakeFiles/foc.elf.dir/DSP_LIB/Source/FilteringFunctions/arm_fir_sparse_q31.c.obj
LOAD CMakeFiles/foc.elf.dir/DSP_LIB/Source/FilteringFunctions/arm_fir_sparse_q7.c.obj
LOAD CMakeFiles/foc.elf.dir/DSP_LIB/Source/FilteringFunctions/arm_iir_lattice_f32.c.obj
LOAD CMakeFiles/foc.elf.dir/DSP_LIB/Source/FilteringFunctions/arm_iir_lattice_init_f32.c.obj
LOAD CMakeFiles/foc.elf.dir/DSP_LIB/Source/FilteringFunctions/arm_iir_lattice_init_q15.c.obj
LOAD CMakeFiles/foc.elf.dir/DSP_LIB/Source/FilteringFunctions/arm_iir_lattice_init_q31.c.obj
LOAD CMakeFiles/foc.elf.dir/DSP_LIB/Source/FilteringFunctions/arm_iir_lattice_q15.c.obj
LOAD CMakeFiles/foc.elf.dir/DSP_LIB/Source/FilteringFunctions/arm_iir_lattice_q31.c.obj
LOAD CMakeFiles/foc.elf.dir/DSP_LIB/Source/FilteringFunctions/arm_lms_f32.c.obj
LOAD CMakeFiles/foc.elf.dir/DSP_LIB/Source/FilteringFunctions/arm_lms_init_f32.c.obj
LOAD CMakeFiles/foc.elf.dir/DSP_LIB/Source/FilteringFunctions/arm_lms_init_q15.c.obj
LOAD CMakeFiles/foc.elf.dir/DSP_LIB/Source/FilteringFunctions/arm_lms_init_q31.c.obj
LOAD CMakeFiles/foc.elf.dir/DSP_LIB/Source/FilteringFunctions/arm_lms_norm_f32.c.obj
LOAD CMakeFiles/foc.elf.dir/DSP_LIB/Source/FilteringFunctions/arm_lms_norm_init_f32.c.obj
LOAD CMakeFiles/foc.elf.dir/DSP_LIB/Source/FilteringFunctions/arm_lms_norm_init_q15.c.obj
LOAD CMakeFiles/foc.elf.dir/DSP_LIB/Source/FilteringFunctions/arm_lms_norm_init_q31.c.obj
LOAD CMakeFiles/foc.elf.dir/DSP_LIB/Source/FilteringFunctions/arm_lms_norm_q15.c.obj
LOAD CMakeFiles/foc.elf.dir/DSP_LIB/Source/FilteringFunctions/arm_lms_norm_q31.c.obj
LOAD CMakeFiles/foc.elf.dir/DSP_LIB/Source/FilteringFunctions/arm_lms_q15.c.obj
LOAD CMakeFiles/foc.elf.dir/DSP_LIB/Source/FilteringFunctions/arm_lms_q31.c.obj
LOAD CMakeFiles/foc.elf.dir/DSP_LIB/Source/MatrixFunctions/arm_mat_add_f32.c.obj
LOAD CMakeFiles/foc.elf.dir/DSP_LIB/Source/MatrixFunctions/arm_mat_add_q15.c.obj
LOAD CMakeFiles/foc.elf.dir/DSP_LIB/Source/MatrixFunctions/arm_mat_add_q31.c.obj
LOAD CMakeFiles/foc.elf.dir/DSP_LIB/Source/MatrixFunctions/arm_mat_cmplx_mult_f32.c.obj
LOAD CMakeFiles/foc.elf.dir/DSP_LIB/Source/MatrixFunctions/arm_mat_cmplx_mult_q15.c.obj
LOAD CMakeFiles/foc.elf.dir/DSP_LIB/Source/MatrixFunctions/arm_mat_cmplx_mult_q31.c.obj
LOAD CMakeFiles/foc.elf.dir/DSP_LIB/Source/MatrixFunctions/arm_mat_init_f32.c.obj
LOAD CMakeFiles/foc.elf.dir/DSP_LIB/Source/MatrixFunctions/arm_mat_init_q15.c.obj
LOAD CMakeFiles/foc.elf.dir/DSP_LIB/Source/MatrixFunctions/arm_mat_init_q31.c.obj
LOAD CMakeFiles/foc.elf.dir/DSP_LIB/Source/MatrixFunctions/arm_mat_inverse_f32.c.obj
LOAD CMakeFiles/foc.elf.dir/DSP_LIB/Source/MatrixFunctions/arm_mat_inverse_f64.c.obj
LOAD CMakeFiles/foc.elf.dir/DSP_LIB/Source/MatrixFunctions/arm_mat_mult_f32.c.obj
LOAD CMakeFiles/foc.elf.dir/DSP_LIB/Source/MatrixFunctions/arm_mat_mult_fast_q15.c.obj
LOAD CMakeFiles/foc.elf.dir/DSP_LIB/Source/MatrixFunctions/arm_mat_mult_fast_q31.c.obj
LOAD CMakeFiles/foc.elf.dir/DSP_LIB/Source/MatrixFunctions/arm_mat_mult_q15.c.obj
LOAD CMakeFiles/foc.elf.dir/DSP_LIB/Source/MatrixFunctions/arm_mat_mult_q31.c.obj
LOAD CMakeFiles/foc.elf.dir/DSP_LIB/Source/MatrixFunctions/arm_mat_scale_f32.c.obj
LOAD CMakeFiles/foc.elf.dir/DSP_LIB/Source/MatrixFunctions/arm_mat_scale_q15.c.obj
LOAD CMakeFiles/foc.elf.dir/DSP_LIB/Source/MatrixFunctions/arm_mat_scale_q31.c.obj
LOAD CMakeFiles/foc.elf.dir/DSP_LIB/Source/MatrixFunctions/arm_mat_sub_f32.c.obj
LOAD CMakeFiles/foc.elf.dir/DSP_LIB/Source/MatrixFunctions/arm_mat_sub_q15.c.obj
LOAD CMakeFiles/foc.elf.dir/DSP_LIB/Source/MatrixFunctions/arm_mat_sub_q31.c.obj
LOAD CMakeFiles/foc.elf.dir/DSP_LIB/Source/MatrixFunctions/arm_mat_trans_f32.c.obj
LOAD CMakeFiles/foc.elf.dir/DSP_LIB/Source/MatrixFunctions/arm_mat_trans_q15.c.obj
LOAD CMakeFiles/foc.elf.dir/DSP_LIB/Source/MatrixFunctions/arm_mat_trans_q31.c.obj
LOAD CMakeFiles/foc.elf.dir/DSP_LIB/Source/StatisticsFunctions/arm_max_f32.c.obj
LOAD CMakeFiles/foc.elf.dir/DSP_LIB/Source/StatisticsFunctions/arm_max_q15.c.obj
LOAD CMakeFiles/foc.elf.dir/DSP_LIB/Source/StatisticsFunctions/arm_max_q31.c.obj
LOAD CMakeFiles/foc.elf.dir/DSP_LIB/Source/StatisticsFunctions/arm_max_q7.c.obj
LOAD CMakeFiles/foc.elf.dir/DSP_LIB/Source/StatisticsFunctions/arm_mean_f32.c.obj
LOAD CMakeFiles/foc.elf.dir/DSP_LIB/Source/StatisticsFunctions/arm_mean_q15.c.obj
LOAD CMakeFiles/foc.elf.dir/DSP_LIB/Source/StatisticsFunctions/arm_mean_q31.c.obj
LOAD CMakeFiles/foc.elf.dir/DSP_LIB/Source/StatisticsFunctions/arm_mean_q7.c.obj
LOAD CMakeFiles/foc.elf.dir/DSP_LIB/Source/StatisticsFunctions/arm_min_f32.c.obj
LOAD CMakeFiles/foc.elf.dir/DSP_LIB/Source/StatisticsFunctions/arm_min_q15.c.obj
LOAD CMakeFiles/foc.elf.dir/DSP_LIB/Source/StatisticsFunctions/arm_min_q31.c.obj
LOAD CMakeFiles/foc.elf.dir/DSP_LIB/Source/StatisticsFunctions/arm_min_q7.c.obj
LOAD CMakeFiles/foc.elf.dir/DSP_LIB/Source/StatisticsFunctions/arm_power_f32.c.obj
LOAD CMakeFiles/foc.elf.dir/DSP_LIB/Source/StatisticsFunctions/arm_power_q15.c.obj
LOAD CMakeFiles/foc.elf.dir/DSP_LIB/Source/StatisticsFunctions/arm_power_q31.c.obj
LOAD CMakeFiles/foc.elf.dir/DSP_LIB/Source/StatisticsFunctions/arm_power_q7.c.obj
LOAD CMakeFiles/foc.elf.dir/DSP_LIB/Source/StatisticsFunctions/arm_rms_f32.c.obj
LOAD CMakeFiles/foc.elf.dir/DSP_LIB/Source/StatisticsFunctions/arm_rms_q15.c.obj
LOAD CMakeFiles/foc.elf.dir/DSP_LIB/Source/StatisticsFunctions/arm_rms_q31.c.obj
LOAD CMakeFiles/foc.elf.dir/DSP_LIB/Source/StatisticsFunctions/arm_std_f32.c.obj
LOAD CMakeFiles/foc.elf.dir/DSP_LIB/Source/StatisticsFunctions/arm_std_q15.c.obj
LOAD CMakeFiles/foc.elf.dir/DSP_LIB/Source/StatisticsFunctions/arm_std_q31.c.obj
LOAD CMakeFiles/foc.elf.dir/DSP_LIB/Source/StatisticsFunctions/arm_var_f32.c.obj
LOAD CMakeFiles/foc.elf.dir/DSP_LIB/Source/StatisticsFunctions/arm_var_q15.c.obj
LOAD CMakeFiles/foc.elf.dir/DSP_LIB/Source/StatisticsFunctions/arm_var_q31.c.obj
LOAD CMakeFiles/foc.elf.dir/DSP_LIB/Source/SupportFunctions/arm_copy_f32.c.obj
LOAD CMakeFiles/foc.elf.dir/DSP_LIB/Source/SupportFunctions/arm_copy_q15.c.obj
LOAD CMakeFiles/foc.elf.dir/DSP_LIB/Source/SupportFunctions/arm_copy_q31.c.obj
LOAD CMakeFiles/foc.elf.dir/DSP_LIB/Source/SupportFunctions/arm_copy_q7.c.obj
LOAD CMakeFiles/foc.elf.dir/DSP_LIB/Source/SupportFunctions/arm_fill_f32.c.obj
LOAD CMakeFiles/foc.elf.dir/DSP_LIB/Source/SupportFunctions/arm_fill_q15.c.obj
LOAD CMakeFiles/foc.elf.dir/DSP_LIB/Source/SupportFunctions/arm_fill_q31.c.obj
LOAD CMakeFiles/foc.elf.dir/DSP_LIB/Source/SupportFunctions/arm_fill_q7.c.obj
LOAD CMakeFiles/foc.elf.dir/DSP_LIB/Source/SupportFunctions/arm_float_to_q15.c.obj
LOAD CMakeFiles/foc.elf.dir/DSP_LIB/Source/SupportFunctions/arm_float_to_q31.c.obj
LOAD CMakeFiles/foc.elf.dir/DSP_LIB/Source/SupportFunctions/arm_float_to_q7.c.obj
LOAD CMakeFiles/foc.elf.dir/DSP_LIB/Source/SupportFunctions/arm_q15_to_float.c.obj
LOAD CMakeFiles/foc.elf.dir/DSP_LIB/Source/SupportFunctions/arm_q15_to_q31.c.obj
LOAD CMakeFiles/foc.elf.dir/DSP_LIB/Source/SupportFunctions/arm_q15_to_q7.c.obj
LOAD CMakeFiles/foc.elf.dir/DSP_LIB/Source/SupportFunctions/arm_q31_to_float.c.obj
LOAD CMakeFiles/foc.elf.dir/DSP_LIB/Source/SupportFunctions/arm_q31_to_q15.c.obj
LOAD CMakeFiles/foc.elf.dir/DSP_LIB/Source/SupportFunctions/arm_q31_to_q7.c.obj
LOAD CMakeFiles/foc.elf.dir/DSP_LIB/Source/SupportFunctions/arm_q7_to_float.c.obj
LOAD CMakeFiles/foc.elf.dir/DSP_LIB/Source/SupportFunctions/arm_q7_to_q15.c.obj
LOAD CMakeFiles/foc.elf.dir/DSP_LIB/Source/SupportFunctions/arm_q7_to_q31.c.obj
LOAD CMakeFiles/foc.elf.dir/DSP_LIB/Source/TransformFunctions/arm_bitreversal.c.obj
LOAD CMakeFiles/foc.elf.dir/DSP_LIB/Source/TransformFunctions/arm_bitreversal2.S.obj
LOAD CMakeFiles/foc.elf.dir/DSP_LIB/Source/TransformFunctions/arm_cfft_f32.c.obj
LOAD CMakeFiles/foc.elf.dir/DSP_LIB/Source/TransformFunctions/arm_cfft_q15.c.obj
LOAD CMakeFiles/foc.elf.dir/DSP_LIB/Source/TransformFunctions/arm_cfft_q31.c.obj
LOAD CMakeFiles/foc.elf.dir/DSP_LIB/Source/TransformFunctions/arm_cfft_radix2_f32.c.obj
LOAD CMakeFiles/foc.elf.dir/DSP_LIB/Source/TransformFunctions/arm_cfft_radix2_init_f32.c.obj
LOAD CMakeFiles/foc.elf.dir/DSP_LIB/Source/TransformFunctions/arm_cfft_radix2_init_q15.c.obj
LOAD CMakeFiles/foc.elf.dir/DSP_LIB/Source/TransformFunctions/arm_cfft_radix2_init_q31.c.obj
LOAD CMakeFiles/foc.elf.dir/DSP_LIB/Source/TransformFunctions/arm_cfft_radix2_q15.c.obj
LOAD CMakeFiles/foc.elf.dir/DSP_LIB/Source/TransformFunctions/arm_cfft_radix2_q31.c.obj
LOAD CMakeFiles/foc.elf.dir/DSP_LIB/Source/TransformFunctions/arm_cfft_radix4_f32.c.obj
LOAD CMakeFiles/foc.elf.dir/DSP_LIB/Source/TransformFunctions/arm_cfft_radix4_init_f32.c.obj
LOAD CMakeFiles/foc.elf.dir/DSP_LIB/Source/TransformFunctions/arm_cfft_radix4_init_q15.c.obj
LOAD CMakeFiles/foc.elf.dir/DSP_LIB/Source/TransformFunctions/arm_cfft_radix4_init_q31.c.obj
LOAD CMakeFiles/foc.elf.dir/DSP_LIB/Source/TransformFunctions/arm_cfft_radix4_q15.c.obj
LOAD CMakeFiles/foc.elf.dir/DSP_LIB/Source/TransformFunctions/arm_cfft_radix4_q31.c.obj
LOAD CMakeFiles/foc.elf.dir/DSP_LIB/Source/TransformFunctions/arm_cfft_radix8_f32.c.obj
LOAD CMakeFiles/foc.elf.dir/DSP_LIB/Source/TransformFunctions/arm_dct4_f32.c.obj
LOAD CMakeFiles/foc.elf.dir/DSP_LIB/Source/TransformFunctions/arm_dct4_init_f32.c.obj
LOAD CMakeFiles/foc.elf.dir/DSP_LIB/Source/TransformFunctions/arm_dct4_init_q15.c.obj
LOAD CMakeFiles/foc.elf.dir/DSP_LIB/Source/TransformFunctions/arm_dct4_init_q31.c.obj
LOAD CMakeFiles/foc.elf.dir/DSP_LIB/Source/TransformFunctions/arm_dct4_q15.c.obj
LOAD CMakeFiles/foc.elf.dir/DSP_LIB/Source/TransformFunctions/arm_dct4_q31.c.obj
LOAD CMakeFiles/foc.elf.dir/DSP_LIB/Source/TransformFunctions/arm_rfft_f32.c.obj
LOAD CMakeFiles/foc.elf.dir/DSP_LIB/Source/TransformFunctions/arm_rfft_fast_f32.c.obj
LOAD CMakeFiles/foc.elf.dir/DSP_LIB/Source/TransformFunctions/arm_rfft_fast_init_f32.c.obj
LOAD CMakeFiles/foc.elf.dir/DSP_LIB/Source/TransformFunctions/arm_rfft_init_f32.c.obj
LOAD CMakeFiles/foc.elf.dir/DSP_LIB/Source/TransformFunctions/arm_rfft_init_q15.c.obj
LOAD CMakeFiles/foc.elf.dir/DSP_LIB/Source/TransformFunctions/arm_rfft_init_q31.c.obj
LOAD CMakeFiles/foc.elf.dir/DSP_LIB/Source/TransformFunctions/arm_rfft_q15.c.obj
LOAD CMakeFiles/foc.elf.dir/DSP_LIB/Source/TransformFunctions/arm_rfft_q31.c.obj
LOAD CMakeFiles/foc.elf.dir/Drivers/STM32F4xx_HAL_Driver/Src/stm32f4xx_hal.c.obj
LOAD CMakeFiles/foc.elf.dir/Drivers/STM32F4xx_HAL_Driver/Src/stm32f4xx_hal_adc.c.obj
LOAD CMakeFiles/foc.elf.dir/Drivers/STM32F4xx_HAL_Driver/Src/stm32f4xx_hal_adc_ex.c.obj
LOAD CMakeFiles/foc.elf.dir/Drivers/STM32F4xx_HAL_Driver/Src/stm32f4xx_hal_cortex.c.obj
LOAD CMakeFiles/foc.elf.dir/Drivers/STM32F4xx_HAL_Driver/Src/stm32f4xx_hal_dma.c.obj
LOAD CMakeFiles/foc.elf.dir/Drivers/STM32F4xx_HAL_Driver/Src/stm32f4xx_hal_dma_ex.c.obj
LOAD CMakeFiles/foc.elf.dir/Drivers/STM32F4xx_HAL_Driver/Src/stm32f4xx_hal_exti.c.obj
LOAD CMakeFiles/foc.elf.dir/Drivers/STM32F4xx_HAL_Driver/Src/stm32f4xx_hal_flash.c.obj
LOAD CMakeFiles/foc.elf.dir/Drivers/STM32F4xx_HAL_Driver/Src/stm32f4xx_hal_flash_ex.c.obj
LOAD CMakeFiles/foc.elf.dir/Drivers/STM32F4xx_HAL_Driver/Src/stm32f4xx_hal_flash_ramfunc.c.obj
LOAD CMakeFiles/foc.elf.dir/Drivers/STM32F4xx_HAL_Driver/Src/stm32f4xx_hal_gpio.c.obj
LOAD CMakeFiles/foc.elf.dir/Drivers/STM32F4xx_HAL_Driver/Src/stm32f4xx_hal_i2c.c.obj
LOAD CMakeFiles/foc.elf.dir/Drivers/STM32F4xx_HAL_Driver/Src/stm32f4xx_hal_i2c_ex.c.obj
LOAD CMakeFiles/foc.elf.dir/Drivers/STM32F4xx_HAL_Driver/Src/stm32f4xx_hal_pcd.c.obj
LOAD CMakeFiles/foc.elf.dir/Drivers/STM32F4xx_HAL_Driver/Src/stm32f4xx_hal_pcd_ex.c.obj
LOAD CMakeFiles/foc.elf.dir/Drivers/STM32F4xx_HAL_Driver/Src/stm32f4xx_hal_pwr.c.obj
LOAD CMakeFiles/foc.elf.dir/Drivers/STM32F4xx_HAL_Driver/Src/stm32f4xx_hal_pwr_ex.c.obj
LOAD CMakeFiles/foc.elf.dir/Drivers/STM32F4xx_HAL_Driver/Src/stm32f4xx_hal_rcc.c.obj
LOAD CMakeFiles/foc.elf.dir/Drivers/STM32F4xx_HAL_Driver/Src/stm32f4xx_hal_rcc_ex.c.obj
LOAD CMakeFiles/foc.elf.dir/Drivers/STM32F4xx_HAL_Driver/Src/stm32f4xx_hal_spi.c.obj
LOAD CMakeFiles/foc.elf.dir/Drivers/STM32F4xx_HAL_Driver/Src/stm32f4xx_hal_tim.c.obj
LOAD CMakeFiles/foc.elf.dir/Drivers/STM32F4xx_HAL_Driver/Src/stm32f4xx_hal_tim_ex.c.obj
LOAD CMakeFiles/foc.elf.dir/Drivers/STM32F4xx_HAL_Driver/Src/stm32f4xx_hal_uart.c.obj
LOAD CMakeFiles/foc.elf.dir/Drivers/STM32F4xx_HAL_Driver/Src/stm32f4xx_ll_adc.c.obj
LOAD CMakeFiles/foc.elf.dir/Drivers/STM32F4xx_HAL_Driver/Src/stm32f4xx_ll_usb.c.obj
LOAD CMakeFiles/foc.elf.dir/foc/as5047_user.c.obj
LOAD CMakeFiles/foc.elf.dir/foc/as5600.c.obj
LOAD CMakeFiles/foc.elf.dir/foc/foc.c.obj
LOAD CMakeFiles/foc.elf.dir/foc/spwm.c.obj
LOAD CMakeFiles/foc.elf.dir/foc/svpwm.c.obj
LOAD CMakeFiles/foc.elf.dir/foc/user_adc.c.obj
START GROUP
LOAD c:/gcc-arm-none-eabi-10.3-2021.10/bin/../lib/gcc/arm-none-eabi/10.3.1/thumb/v7e-m+fp/hard\libgcc.a
LOAD c:/gcc-arm-none-eabi-10.3-2021.10/bin/../lib/gcc/arm-none-eabi/10.3.1/../../../../arm-none-eabi/lib/thumb/v7e-m+fp/hard\libg.a
LOAD c:/gcc-arm-none-eabi-10.3-2021.10/bin/../lib/gcc/arm-none-eabi/10.3.1/../../../../arm-none-eabi/lib/thumb/v7e-m+fp/hard\libc.a
END GROUP
LOAD c:/gcc-arm-none-eabi-10.3-2021.10/bin/../lib/gcc/arm-none-eabi/10.3.1/thumb/v7e-m+fp/hard/crtend.o
LOAD c:/gcc-arm-none-eabi-10.3-2021.10/bin/../lib/gcc/arm-none-eabi/10.3.1/thumb/v7e-m+fp/hard/crtn.o
                0x20010000                _estack = (ORIGIN (RAM) + LENGTH (RAM))
                0x00000800                _Min_Heap_Size = 0x800
                0x00001000                _Min_Stack_Size = 0x1000

.isr_vector     0x08000000      0x194
                0x08000000                . = ALIGN (0x4)
 *(.isr_vector)
 .isr_vector    0x08000000      0x194 CMakeFiles/foc.elf.dir/Core/Startup/startup_stm32f401ccux.s.obj
                0x08000000                g_pfnVectors
                0x08000194                . = ALIGN (0x4)

.text           0x080001c0     0xb56c
                0x080001c0                . = ALIGN (0x4)
 *(.text)
 .text          0x080001c0       0x40 c:/gcc-arm-none-eabi-10.3-2021.10/bin/../lib/gcc/arm-none-eabi/10.3.1/thumb/v7e-m+fp/hard/crtbegin.o
 .text          0x08000200      0x378 c:/gcc-arm-none-eabi-10.3-2021.10/bin/../lib/gcc/arm-none-eabi/10.3.1/thumb/v7e-m+fp/hard\libgcc.a(_arm_addsubdf3.o)
                0x08000200                __aeabi_drsub
                0x08000208                __aeabi_dsub
                0x08000208                __subdf3
                0x0800020c                __aeabi_dadd
                0x0800020c                __adddf3
                0x08000484                __floatunsidf
                0x08000484                __aeabi_ui2d
                0x080004a4                __floatsidf
                0x080004a4                __aeabi_i2d
                0x080004c8                __aeabi_f2d
                0x080004c8                __extendsfdf2
                0x0800050c                __floatundidf
                0x0800050c                __aeabi_ul2d
                0x0800051c                __floatdidf
                0x0800051c                __aeabi_l2d
 .text          0x08000578      0x424 c:/gcc-arm-none-eabi-10.3-2021.10/bin/../lib/gcc/arm-none-eabi/10.3.1/thumb/v7e-m+fp/hard\libgcc.a(_arm_muldivdf3.o)
                0x08000578                __aeabi_dmul
                0x08000578                __muldf3
                0x080007cc                __divdf3
                0x080007cc                __aeabi_ddiv
 .text          0x0800099c      0x110 c:/gcc-arm-none-eabi-10.3-2021.10/bin/../lib/gcc/arm-none-eabi/10.3.1/thumb/v7e-m+fp/hard\libgcc.a(_arm_cmpdf2.o)
                0x0800099c                __gtdf2
                0x0800099c                __gedf2
                0x080009a4                __ltdf2
                0x080009a4                __ledf2
                0x080009ac                __nedf2
                0x080009ac                __eqdf2
                0x080009ac                __cmpdf2
                0x08000a28                __aeabi_cdrcmple
                0x08000a38                __aeabi_cdcmpeq
                0x08000a38                __aeabi_cdcmple
                0x08000a48                __aeabi_dcmpeq
                0x08000a5c                __aeabi_dcmplt
                0x08000a70                __aeabi_dcmple
                0x08000a84                __aeabi_dcmpge
                0x08000a98                __aeabi_dcmpgt
 .text          0x08000aac       0x30 c:/gcc-arm-none-eabi-10.3-2021.10/bin/../lib/gcc/arm-none-eabi/10.3.1/thumb/v7e-m+fp/hard\libgcc.a(_aeabi_uldivmod.o)
                0x08000aac                __aeabi_uldivmod
 .text          0x08000adc      0x2d0 c:/gcc-arm-none-eabi-10.3-2021.10/bin/../lib/gcc/arm-none-eabi/10.3.1/thumb/v7e-m+fp/hard\libgcc.a(_udivmoddi4.o)
                0x08000adc                __udivmoddi4
 .text          0x08000dac        0x4 c:/gcc-arm-none-eabi-10.3-2021.10/bin/../lib/gcc/arm-none-eabi/10.3.1/thumb/v7e-m+fp/hard\libgcc.a(_dvmd_tls.o)
                0x08000dac                __aeabi_idiv0
                0x08000dac                __aeabi_ldiv0
 .text          0x08000db0       0xa0 c:/gcc-arm-none-eabi-10.3-2021.10/bin/../lib/gcc/arm-none-eabi/10.3.1/../../../../arm-none-eabi/lib/thumb/v7e-m+fp/hard\libg.a(lib_a-memchr.o)
                0x08000db0                memchr
 .text          0x08000e50      0x134 c:/gcc-arm-none-eabi-10.3-2021.10/bin/../lib/gcc/arm-none-eabi/10.3.1/../../../../arm-none-eabi/lib/thumb/v7e-m+fp/hard\libg.a(lib_a-memcpy.o)
                0x08000e50                memcpy
 *fill*         0x08000f84       0x3c 
 .text          0x08000fc0       0xdc c:/gcc-arm-none-eabi-10.3-2021.10/bin/../lib/gcc/arm-none-eabi/10.3.1/../../../../arm-none-eabi/lib/thumb/v7e-m+fp/hard\libg.a(lib_a-strlen.o)
                0x08000fc0                strlen
 .text          0x0800109c       0x2c c:/gcc-arm-none-eabi-10.3-2021.10/bin/../lib/gcc/arm-none-eabi/10.3.1/thumb/v7e-m+fp/hard\libgcc.a(_arm_unorddf2.o)
                0x0800109c                __unorddf2
                0x0800109c                __aeabi_dcmpun
 .text          0x080010c8       0x50 c:/gcc-arm-none-eabi-10.3-2021.10/bin/../lib/gcc/arm-none-eabi/10.3.1/thumb/v7e-m+fp/hard\libgcc.a(_arm_fixdfsi.o)
                0x080010c8                __aeabi_d2iz
                0x080010c8                __fixdfsi
 *(.text*)
 .text.MX_ADC1_Init
                0x08001118      0x124 CMakeFiles/foc.elf.dir/Core/Src/adc.c.obj
                0x08001118                MX_ADC1_Init
 .text.HAL_ADC_MspInit
                0x0800123c       0xe4 CMakeFiles/foc.elf.dir/Core/Src/adc.c.obj
                0x0800123c                HAL_ADC_MspInit
 .text.MX_DMA_Init
                0x08001320       0x74 CMakeFiles/foc.elf.dir/Core/Src/dma.c.obj
                0x08001320                MX_DMA_Init
 .text.MX_GPIO_Init
                0x08001394      0x118 CMakeFiles/foc.elf.dir/Core/Src/gpio.c.obj
                0x08001394                MX_GPIO_Init
 .text.MX_I2C1_Init
                0x080014ac       0x3c CMakeFiles/foc.elf.dir/Core/Src/i2c.c.obj
                0x080014ac                MX_I2C1_Init
 .text.HAL_I2C_MspInit
                0x080014e8       0x70 CMakeFiles/foc.elf.dir/Core/Src/i2c.c.obj
                0x080014e8                HAL_I2C_MspInit
 .text.HAL_I2C_MspDeInit
                0x08001558       0x3c CMakeFiles/foc.elf.dir/Core/Src/i2c.c.obj
                0x08001558                HAL_I2C_MspDeInit
 .text.UART_printf
                0x08001594       0x34 CMakeFiles/foc.elf.dir/Core/Src/main.c.obj
                0x08001594                UART_printf
 .text.Error_Handler
                0x080015c8        0x4 CMakeFiles/foc.elf.dir/Core/Src/main.c.obj
                0x080015c8                Error_Handler
 .text.SystemClock_Config
                0x080015cc       0xac CMakeFiles/foc.elf.dir/Core/Src/main.c.obj
                0x080015cc                SystemClock_Config
 .text.main     0x08001678       0xac CMakeFiles/foc.elf.dir/Core/Src/main.c.obj
                0x08001678                main
 .text.MX_SPI1_Init
                0x08001724       0x40 CMakeFiles/foc.elf.dir/Core/Src/spi.c.obj
                0x08001724                MX_SPI1_Init
 .text.HAL_SPI_MspInit
                0x08001764       0x70 CMakeFiles/foc.elf.dir/Core/Src/spi.c.obj
                0x08001764                HAL_SPI_MspInit
 .text.HAL_MspInit
                0x080017d4       0x38 CMakeFiles/foc.elf.dir/Core/Src/stm32f4xx_hal_msp.c.obj
                0x080017d4                HAL_MspInit
 .text.NMI_Handler
                0x0800180c        0x2 CMakeFiles/foc.elf.dir/Core/Src/stm32f4xx_it.c.obj
                0x0800180c                NMI_Handler
 .text.HardFault_Handler
                0x0800180e        0x2 CMakeFiles/foc.elf.dir/Core/Src/stm32f4xx_it.c.obj
                0x0800180e                HardFault_Handler
 .text.MemManage_Handler
                0x08001810        0x2 CMakeFiles/foc.elf.dir/Core/Src/stm32f4xx_it.c.obj
                0x08001810                MemManage_Handler
 .text.BusFault_Handler
                0x08001812        0x2 CMakeFiles/foc.elf.dir/Core/Src/stm32f4xx_it.c.obj
                0x08001812                BusFault_Handler
 .text.UsageFault_Handler
                0x08001814        0x2 CMakeFiles/foc.elf.dir/Core/Src/stm32f4xx_it.c.obj
                0x08001814                UsageFault_Handler
 .text.SVC_Handler
                0x08001816        0x2 CMakeFiles/foc.elf.dir/Core/Src/stm32f4xx_it.c.obj
                0x08001816                SVC_Handler
 .text.DebugMon_Handler
                0x08001818        0x2 CMakeFiles/foc.elf.dir/Core/Src/stm32f4xx_it.c.obj
                0x08001818                DebugMon_Handler
 .text.PendSV_Handler
                0x0800181a        0x2 CMakeFiles/foc.elf.dir/Core/Src/stm32f4xx_it.c.obj
                0x0800181a                PendSV_Handler
 .text.SysTick_Handler
                0x0800181c        0x8 CMakeFiles/foc.elf.dir/Core/Src/stm32f4xx_it.c.obj
                0x0800181c                SysTick_Handler
 .text.ADC_IRQHandler
                0x08001824       0x10 CMakeFiles/foc.elf.dir/Core/Src/stm32f4xx_it.c.obj
                0x08001824                ADC_IRQHandler
 .text.TIM1_TRG_COM_TIM11_IRQHandler
                0x08001834       0x18 CMakeFiles/foc.elf.dir/Core/Src/stm32f4xx_it.c.obj
                0x08001834                TIM1_TRG_COM_TIM11_IRQHandler
 .text.TIM3_IRQHandler
                0x0800184c       0x10 CMakeFiles/foc.elf.dir/Core/Src/stm32f4xx_it.c.obj
                0x0800184c                TIM3_IRQHandler
 .text.USART1_IRQHandler
                0x0800185c       0x10 CMakeFiles/foc.elf.dir/Core/Src/stm32f4xx_it.c.obj
                0x0800185c                USART1_IRQHandler
 .text.DMA2_Stream0_IRQHandler
                0x0800186c       0x10 CMakeFiles/foc.elf.dir/Core/Src/stm32f4xx_it.c.obj
                0x0800186c                DMA2_Stream0_IRQHandler
 .text.DMA2_Stream1_IRQHandler
                0x0800187c       0x10 CMakeFiles/foc.elf.dir/Core/Src/stm32f4xx_it.c.obj
                0x0800187c                DMA2_Stream1_IRQHandler
 .text.DMA2_Stream2_IRQHandler
                0x0800188c       0x10 CMakeFiles/foc.elf.dir/Core/Src/stm32f4xx_it.c.obj
                0x0800188c                DMA2_Stream2_IRQHandler
 .text.DMA2_Stream6_IRQHandler
                0x0800189c       0x10 CMakeFiles/foc.elf.dir/Core/Src/stm32f4xx_it.c.obj
                0x0800189c                DMA2_Stream6_IRQHandler
 .text.DMA2_Stream7_IRQHandler
                0x080018ac       0x10 CMakeFiles/foc.elf.dir/Core/Src/stm32f4xx_it.c.obj
                0x080018ac                DMA2_Stream7_IRQHandler
 .text._getpid  0x080018bc        0x4 CMakeFiles/foc.elf.dir/Core/Src/syscalls.c.obj
                0x080018bc                _getpid
 .text._kill    0x080018c0       0x10 CMakeFiles/foc.elf.dir/Core/Src/syscalls.c.obj
                0x080018c0                _kill
 .text._exit    0x080018d0        0xc CMakeFiles/foc.elf.dir/Core/Src/syscalls.c.obj
                0x080018d0                _exit
 .text._read    0x080018dc       0x20 CMakeFiles/foc.elf.dir/Core/Src/syscalls.c.obj
                0x080018dc                _read
 .text._write   0x080018fc       0x1c CMakeFiles/foc.elf.dir/Core/Src/syscalls.c.obj
                0x080018fc                _write
 .text._close   0x08001918        0x6 CMakeFiles/foc.elf.dir/Core/Src/syscalls.c.obj
                0x08001918                _close
 .text._fstat   0x0800191e        0xa CMakeFiles/foc.elf.dir/Core/Src/syscalls.c.obj
                0x0800191e                _fstat
 .text._isatty  0x08001928        0x4 CMakeFiles/foc.elf.dir/Core/Src/syscalls.c.obj
                0x08001928                _isatty
 .text._lseek   0x0800192c        0x4 CMakeFiles/foc.elf.dir/Core/Src/syscalls.c.obj
                0x0800192c                _lseek
 .text._sbrk    0x08001930       0x48 CMakeFiles/foc.elf.dir/Core/Src/sysmem.c.obj
                0x08001930                _sbrk
 .text.SystemInit
                0x08001978       0x14 CMakeFiles/foc.elf.dir/Core/Src/system_stm32f4xx.c.obj
                0x08001978                SystemInit
 .text.MX_TIM2_Init
                0x0800198c       0x70 CMakeFiles/foc.elf.dir/Core/Src/tim.c.obj
                0x0800198c                MX_TIM2_Init
 .text.MX_TIM3_Init
                0x080019fc       0x64 CMakeFiles/foc.elf.dir/Core/Src/tim.c.obj
                0x080019fc                MX_TIM3_Init
 .text.MX_TIM11_Init
                0x08001a60       0x34 CMakeFiles/foc.elf.dir/Core/Src/tim.c.obj
                0x08001a60                MX_TIM11_Init
 .text.HAL_TIM_PWM_MspInit
                0x08001a94      0x130 CMakeFiles/foc.elf.dir/Core/Src/tim.c.obj
                0x08001a94                HAL_TIM_PWM_MspInit
 .text.HAL_TIM_Base_MspInit
                0x08001bc4       0x64 CMakeFiles/foc.elf.dir/Core/Src/tim.c.obj
                0x08001bc4                HAL_TIM_Base_MspInit
 .text.HAL_TIM_Encoder_MspInit
                0x08001c28       0x78 CMakeFiles/foc.elf.dir/Core/Src/tim.c.obj
                0x08001c28                HAL_TIM_Encoder_MspInit
 .text.HAL_TIM_MspPostInit
                0x08001ca0       0x84 CMakeFiles/foc.elf.dir/Core/Src/tim.c.obj
                0x08001ca0                HAL_TIM_MspPostInit
 .text.MX_TIM1_Init
                0x08001d24       0xdc CMakeFiles/foc.elf.dir/Core/Src/tim.c.obj
                0x08001d24                MX_TIM1_Init
 .text.MX_USART1_UART_Init
                0x08001e00       0x34 CMakeFiles/foc.elf.dir/Core/Src/usart.c.obj
                0x08001e00                MX_USART1_UART_Init
 .text.HAL_UART_MspInit
                0x08001e34       0xbc CMakeFiles/foc.elf.dir/Core/Src/usart.c.obj
                0x08001e34                HAL_UART_MspInit
 .text.MX_USB_OTG_FS_PCD_Init
                0x08001ef0       0x34 CMakeFiles/foc.elf.dir/Core/Src/usb_otg.c.obj
                0x08001ef0                MX_USB_OTG_FS_PCD_Init
 .text.HAL_PCD_MspInit
                0x08001f24       0x74 CMakeFiles/foc.elf.dir/Core/Src/usb_otg.c.obj
                0x08001f24                HAL_PCD_MspInit
 .text.Reset_Handler
                0x08001f98       0x50 CMakeFiles/foc.elf.dir/Core/Startup/startup_stm32f401ccux.s.obj
                0x08001f98                Reset_Handler
 .text.Default_Handler
                0x08001fe8        0x2 CMakeFiles/foc.elf.dir/Core/Startup/startup_stm32f401ccux.s.obj
                0x08001fe8                RTC_Alarm_IRQHandler
                0x08001fe8                EXTI2_IRQHandler
                0x08001fe8                SPI4_IRQHandler
                0x08001fe8                TIM1_CC_IRQHandler
                0x08001fe8                DMA2_Stream5_IRQHandler
                0x08001fe8                DMA1_Stream5_IRQHandler
                0x08001fe8                PVD_IRQHandler
                0x08001fe8                SDIO_IRQHandler
                0x08001fe8                TAMP_STAMP_IRQHandler
                0x08001fe8                EXTI3_IRQHandler
                0x08001fe8                TIM1_UP_TIM10_IRQHandler
                0x08001fe8                I2C3_ER_IRQHandler
                0x08001fe8                EXTI0_IRQHandler
                0x08001fe8                I2C2_EV_IRQHandler
                0x08001fe8                DMA1_Stream2_IRQHandler
                0x08001fe8                FPU_IRQHandler
                0x08001fe8                SPI1_IRQHandler
                0x08001fe8                TIM1_BRK_TIM9_IRQHandler
                0x08001fe8                DMA2_Stream3_IRQHandler
                0x08001fe8                USART6_IRQHandler
                0x08001fe8                TIM4_IRQHandler
                0x08001fe8                I2C1_EV_IRQHandler
                0x08001fe8                DMA1_Stream6_IRQHandler
                0x08001fe8                DMA1_Stream1_IRQHandler
                0x08001fe8                RCC_IRQHandler
                0x08001fe8                Default_Handler
                0x08001fe8                EXTI15_10_IRQHandler
                0x08001fe8                DMA1_Stream7_IRQHandler
                0x08001fe8                TIM5_IRQHandler
                0x08001fe8                I2C3_EV_IRQHandler
                0x08001fe8                EXTI9_5_IRQHandler
                0x08001fe8                RTC_WKUP_IRQHandler
                0x08001fe8                SPI2_IRQHandler
                0x08001fe8                DMA1_Stream0_IRQHandler
                0x08001fe8                EXTI4_IRQHandler
                0x08001fe8                WWDG_IRQHandler
                0x08001fe8                TIM2_IRQHandler
                0x08001fe8                OTG_FS_WKUP_IRQHandler
                0x08001fe8                EXTI1_IRQHandler
                0x08001fe8                USART2_IRQHandler
                0x08001fe8                I2C2_ER_IRQHandler
                0x08001fe8                FLASH_IRQHandler
                0x08001fe8                DMA2_Stream4_IRQHandler
                0x08001fe8                OTG_FS_IRQHandler
                0x08001fe8                SPI3_IRQHandler
                0x08001fe8                DMA1_Stream4_IRQHandler
                0x08001fe8                I2C1_ER_IRQHandler
                0x08001fe8                DMA1_Stream3_IRQHandler
 *fill*         0x08001fea        0x2 
 .text.HAL_InitTick
                0x08001fec       0x4c CMakeFiles/foc.elf.dir/Drivers/STM32F4xx_HAL_Driver/Src/stm32f4xx_hal.c.obj
                0x08001fec                HAL_InitTick
 .text.HAL_Init
                0x08002038       0x34 CMakeFiles/foc.elf.dir/Drivers/STM32F4xx_HAL_Driver/Src/stm32f4xx_hal.c.obj
                0x08002038                HAL_Init
 .text.HAL_IncTick
                0x0800206c       0x18 CMakeFiles/foc.elf.dir/Drivers/STM32F4xx_HAL_Driver/Src/stm32f4xx_hal.c.obj
                0x0800206c                HAL_IncTick
 .text.HAL_GetTick
                0x08002084        0xc CMakeFiles/foc.elf.dir/Drivers/STM32F4xx_HAL_Driver/Src/stm32f4xx_hal.c.obj
                0x08002084                HAL_GetTick
 .text.HAL_Delay
                0x08002090       0x28 CMakeFiles/foc.elf.dir/Drivers/STM32F4xx_HAL_Driver/Src/stm32f4xx_hal.c.obj
                0x08002090                HAL_Delay
 .text.ADC_Init
                0x080020b8      0x134 CMakeFiles/foc.elf.dir/Drivers/STM32F4xx_HAL_Driver/Src/stm32f4xx_hal_adc.c.obj
 .text.HAL_ADC_Init
                0x080021ec       0x56 CMakeFiles/foc.elf.dir/Drivers/STM32F4xx_HAL_Driver/Src/stm32f4xx_hal_adc.c.obj
                0x080021ec                HAL_ADC_Init
 .text.HAL_ADC_ConvCpltCallback
                0x08002242        0x2 CMakeFiles/foc.elf.dir/Drivers/STM32F4xx_HAL_Driver/Src/stm32f4xx_hal_adc.c.obj
                0x08002242                HAL_ADC_ConvCpltCallback
 .text.HAL_ADC_LevelOutOfWindowCallback
                0x08002244        0x2 CMakeFiles/foc.elf.dir/Drivers/STM32F4xx_HAL_Driver/Src/stm32f4xx_hal_adc.c.obj
                0x08002244                HAL_ADC_LevelOutOfWindowCallback
 .text.HAL_ADC_ErrorCallback
                0x08002246        0x2 CMakeFiles/foc.elf.dir/Drivers/STM32F4xx_HAL_Driver/Src/stm32f4xx_hal_adc.c.obj
                0x08002246                HAL_ADC_ErrorCallback
 .text.HAL_ADC_IRQHandler
                0x08002248      0x142 CMakeFiles/foc.elf.dir/Drivers/STM32F4xx_HAL_Driver/Src/stm32f4xx_hal_adc.c.obj
                0x08002248                HAL_ADC_IRQHandler
 *fill*         0x0800238a        0x2 
 .text.HAL_ADC_ConfigChannel
                0x0800238c      0x198 CMakeFiles/foc.elf.dir/Drivers/STM32F4xx_HAL_Driver/Src/stm32f4xx_hal_adc.c.obj
                0x0800238c                HAL_ADC_ConfigChannel
 .text.HAL_ADCEx_InjectedConvCpltCallback
                0x08002524        0x2 CMakeFiles/foc.elf.dir/Drivers/STM32F4xx_HAL_Driver/Src/stm32f4xx_hal_adc_ex.c.obj
                0x08002524                HAL_ADCEx_InjectedConvCpltCallback
 *fill*         0x08002526        0x2 
 .text.HAL_NVIC_SetPriorityGrouping
                0x08002528       0x24 CMakeFiles/foc.elf.dir/Drivers/STM32F4xx_HAL_Driver/Src/stm32f4xx_hal_cortex.c.obj
                0x08002528                HAL_NVIC_SetPriorityGrouping
 .text.HAL_NVIC_SetPriority
                0x0800254c       0x70 CMakeFiles/foc.elf.dir/Drivers/STM32F4xx_HAL_Driver/Src/stm32f4xx_hal_cortex.c.obj
                0x0800254c                HAL_NVIC_SetPriority
 .text.HAL_NVIC_EnableIRQ
                0x080025bc       0x1c CMakeFiles/foc.elf.dir/Drivers/STM32F4xx_HAL_Driver/Src/stm32f4xx_hal_cortex.c.obj
                0x080025bc                HAL_NVIC_EnableIRQ
 .text.HAL_SYSTICK_Config
                0x080025d8       0x28 CMakeFiles/foc.elf.dir/Drivers/STM32F4xx_HAL_Driver/Src/stm32f4xx_hal_cortex.c.obj
                0x080025d8                HAL_SYSTICK_Config
 .text.DMA_CalcBaseAndBitshift
                0x08002600       0x44 CMakeFiles/foc.elf.dir/Drivers/STM32F4xx_HAL_Driver/Src/stm32f4xx_hal_dma.c.obj
 .text.DMA_CheckFifoParam
                0x08002644       0x8e CMakeFiles/foc.elf.dir/Drivers/STM32F4xx_HAL_Driver/Src/stm32f4xx_hal_dma.c.obj
 *fill*         0x080026d2        0x2 
 .text.HAL_DMA_Init
                0x080026d4       0xcc CMakeFiles/foc.elf.dir/Drivers/STM32F4xx_HAL_Driver/Src/stm32f4xx_hal_dma.c.obj
                0x080026d4                HAL_DMA_Init
 .text.HAL_DMA_Abort
                0x080027a0       0x94 CMakeFiles/foc.elf.dir/Drivers/STM32F4xx_HAL_Driver/Src/stm32f4xx_hal_dma.c.obj
                0x080027a0                HAL_DMA_Abort
 .text.HAL_DMA_Abort_IT
                0x08002834       0x26 CMakeFiles/foc.elf.dir/Drivers/STM32F4xx_HAL_Driver/Src/stm32f4xx_hal_dma.c.obj
                0x08002834                HAL_DMA_Abort_IT
 *fill*         0x0800285a        0x2 
 .text.HAL_DMA_IRQHandler
                0x0800285c      0x1dc CMakeFiles/foc.elf.dir/Drivers/STM32F4xx_HAL_Driver/Src/stm32f4xx_hal_dma.c.obj
                0x0800285c                HAL_DMA_IRQHandler
 .text.HAL_GPIO_Init
                0x08002a38      0x1c0 CMakeFiles/foc.elf.dir/Drivers/STM32F4xx_HAL_Driver/Src/stm32f4xx_hal_gpio.c.obj
                0x08002a38                HAL_GPIO_Init
 .text.HAL_GPIO_DeInit
                0x08002bf8      0x110 CMakeFiles/foc.elf.dir/Drivers/STM32F4xx_HAL_Driver/Src/stm32f4xx_hal_gpio.c.obj
                0x08002bf8                HAL_GPIO_DeInit
 .text.HAL_GPIO_ReadPin
                0x08002d08        0xe CMakeFiles/foc.elf.dir/Drivers/STM32F4xx_HAL_Driver/Src/stm32f4xx_hal_gpio.c.obj
                0x08002d08                HAL_GPIO_ReadPin
 .text.HAL_GPIO_WritePin
                0x08002d16        0xc CMakeFiles/foc.elf.dir/Drivers/STM32F4xx_HAL_Driver/Src/stm32f4xx_hal_gpio.c.obj
                0x08002d16                HAL_GPIO_WritePin
 .text.I2C_IsAcknowledgeFailed
                0x08002d22       0x32 CMakeFiles/foc.elf.dir/Drivers/STM32F4xx_HAL_Driver/Src/stm32f4xx_hal_i2c.c.obj
 .text.I2C_WaitOnFlagUntilTimeout
                0x08002d54       0x7c CMakeFiles/foc.elf.dir/Drivers/STM32F4xx_HAL_Driver/Src/stm32f4xx_hal_i2c.c.obj
 .text.I2C_WaitOnMasterAddressFlagUntilTimeout
                0x08002dd0       0xaa CMakeFiles/foc.elf.dir/Drivers/STM32F4xx_HAL_Driver/Src/stm32f4xx_hal_i2c.c.obj
 .text.I2C_WaitOnTXEFlagUntilTimeout
                0x08002e7a       0x54 CMakeFiles/foc.elf.dir/Drivers/STM32F4xx_HAL_Driver/Src/stm32f4xx_hal_i2c.c.obj
 *fill*         0x08002ece        0x2 
 .text.I2C_RequestMemoryWrite
                0x08002ed0       0xd8 CMakeFiles/foc.elf.dir/Drivers/STM32F4xx_HAL_Driver/Src/stm32f4xx_hal_i2c.c.obj
 .text.I2C_RequestMemoryRead
                0x08002fa8      0x154 CMakeFiles/foc.elf.dir/Drivers/STM32F4xx_HAL_Driver/Src/stm32f4xx_hal_i2c.c.obj
 .text.I2C_WaitOnBTFFlagUntilTimeout
                0x080030fc       0x54 CMakeFiles/foc.elf.dir/Drivers/STM32F4xx_HAL_Driver/Src/stm32f4xx_hal_i2c.c.obj
 .text.I2C_WaitOnRXNEFlagUntilTimeout
                0x08003150       0x6a CMakeFiles/foc.elf.dir/Drivers/STM32F4xx_HAL_Driver/Src/stm32f4xx_hal_i2c.c.obj
 *fill*         0x080031ba        0x2 
 .text.HAL_I2C_Init
                0x080031bc      0x1bc CMakeFiles/foc.elf.dir/Drivers/STM32F4xx_HAL_Driver/Src/stm32f4xx_hal_i2c.c.obj
                0x080031bc                HAL_I2C_Init
 .text.HAL_I2C_DeInit
                0x08003378       0x32 CMakeFiles/foc.elf.dir/Drivers/STM32F4xx_HAL_Driver/Src/stm32f4xx_hal_i2c.c.obj
                0x08003378                HAL_I2C_DeInit
 *fill*         0x080033aa        0x2 
 .text.HAL_I2C_Mem_Write
                0x080033ac      0x164 CMakeFiles/foc.elf.dir/Drivers/STM32F4xx_HAL_Driver/Src/stm32f4xx_hal_i2c.c.obj
                0x080033ac                HAL_I2C_Mem_Write
 .text.HAL_I2C_Mem_Read
                0x08003510      0x2e4 CMakeFiles/foc.elf.dir/Drivers/STM32F4xx_HAL_Driver/Src/stm32f4xx_hal_i2c.c.obj
                0x08003510                HAL_I2C_Mem_Read
 .text.HAL_PCD_Init
                0x080037f4      0x12e CMakeFiles/foc.elf.dir/Drivers/STM32F4xx_HAL_Driver/Src/stm32f4xx_hal_pcd.c.obj
                0x080037f4                HAL_PCD_Init
 *fill*         0x08003922        0x2 
 .text.HAL_RCC_OscConfig
                0x08003924      0x3f8 CMakeFiles/foc.elf.dir/Drivers/STM32F4xx_HAL_Driver/Src/stm32f4xx_hal_rcc.c.obj
                0x08003924                HAL_RCC_OscConfig
 .text.HAL_RCC_GetSysClockFreq
                0x08003d1c       0xa4 CMakeFiles/foc.elf.dir/Drivers/STM32F4xx_HAL_Driver/Src/stm32f4xx_hal_rcc.c.obj
                0x08003d1c                HAL_RCC_GetSysClockFreq
 .text.HAL_RCC_ClockConfig
                0x08003dc0      0x160 CMakeFiles/foc.elf.dir/Drivers/STM32F4xx_HAL_Driver/Src/stm32f4xx_hal_rcc.c.obj
                0x08003dc0                HAL_RCC_ClockConfig
 .text.HAL_RCC_GetHCLKFreq
                0x08003f20        0xc CMakeFiles/foc.elf.dir/Drivers/STM32F4xx_HAL_Driver/Src/stm32f4xx_hal_rcc.c.obj
                0x08003f20                HAL_RCC_GetHCLKFreq
 .text.HAL_RCC_GetPCLK1Freq
                0x08003f2c       0x20 CMakeFiles/foc.elf.dir/Drivers/STM32F4xx_HAL_Driver/Src/stm32f4xx_hal_rcc.c.obj
                0x08003f2c                HAL_RCC_GetPCLK1Freq
 .text.HAL_RCC_GetPCLK2Freq
                0x08003f4c       0x20 CMakeFiles/foc.elf.dir/Drivers/STM32F4xx_HAL_Driver/Src/stm32f4xx_hal_rcc.c.obj
                0x08003f4c                HAL_RCC_GetPCLK2Freq
 .text.HAL_SPI_Init
                0x08003f6c       0xbe CMakeFiles/foc.elf.dir/Drivers/STM32F4xx_HAL_Driver/Src/stm32f4xx_hal_spi.c.obj
                0x08003f6c                HAL_SPI_Init
 *fill*         0x0800402a        0x2 
 .text.TIM_OC1_SetConfig
                0x0800402c       0x5c CMakeFiles/foc.elf.dir/Drivers/STM32F4xx_HAL_Driver/Src/stm32f4xx_hal_tim.c.obj
 .text.TIM_OC3_SetConfig
                0x08004088       0x64 CMakeFiles/foc.elf.dir/Drivers/STM32F4xx_HAL_Driver/Src/stm32f4xx_hal_tim.c.obj
 .text.TIM_OC4_SetConfig
                0x080040ec       0x48 CMakeFiles/foc.elf.dir/Drivers/STM32F4xx_HAL_Driver/Src/stm32f4xx_hal_tim.c.obj
 .text.TIM_TI1_ConfigInputStage
                0x08004134       0x26 CMakeFiles/foc.elf.dir/Drivers/STM32F4xx_HAL_Driver/Src/stm32f4xx_hal_tim.c.obj
 .text.TIM_TI2_ConfigInputStage
                0x0800415a       0x28 CMakeFiles/foc.elf.dir/Drivers/STM32F4xx_HAL_Driver/Src/stm32f4xx_hal_tim.c.obj
 .text.TIM_ITRx_SetConfig
                0x08004182       0x10 CMakeFiles/foc.elf.dir/Drivers/STM32F4xx_HAL_Driver/Src/stm32f4xx_hal_tim.c.obj
 .text.HAL_TIM_PeriodElapsedCallback
                0x08004192        0x2 CMakeFiles/foc.elf.dir/Drivers/STM32F4xx_HAL_Driver/Src/stm32f4xx_hal_tim.c.obj
                0x08004192                HAL_TIM_PeriodElapsedCallback
 .text.HAL_TIM_OC_DelayElapsedCallback
                0x08004194        0x2 CMakeFiles/foc.elf.dir/Drivers/STM32F4xx_HAL_Driver/Src/stm32f4xx_hal_tim.c.obj
                0x08004194                HAL_TIM_OC_DelayElapsedCallback
 .text.HAL_TIM_IC_CaptureCallback
                0x08004196        0x2 CMakeFiles/foc.elf.dir/Drivers/STM32F4xx_HAL_Driver/Src/stm32f4xx_hal_tim.c.obj
                0x08004196                HAL_TIM_IC_CaptureCallback
 .text.HAL_TIM_PWM_PulseFinishedCallback
                0x08004198        0x2 CMakeFiles/foc.elf.dir/Drivers/STM32F4xx_HAL_Driver/Src/stm32f4xx_hal_tim.c.obj
                0x08004198                HAL_TIM_PWM_PulseFinishedCallback
 .text.HAL_TIM_TriggerCallback
                0x0800419a        0x2 CMakeFiles/foc.elf.dir/Drivers/STM32F4xx_HAL_Driver/Src/stm32f4xx_hal_tim.c.obj
                0x0800419a                HAL_TIM_TriggerCallback
 .text.HAL_TIM_IRQHandler
                0x0800419c      0x17a CMakeFiles/foc.elf.dir/Drivers/STM32F4xx_HAL_Driver/Src/stm32f4xx_hal_tim.c.obj
                0x0800419c                HAL_TIM_IRQHandler
 *fill*         0x08004316        0x2 
 .text.TIM_Base_SetConfig
                0x08004318       0x9c CMakeFiles/foc.elf.dir/Drivers/STM32F4xx_HAL_Driver/Src/stm32f4xx_hal_tim.c.obj
                0x08004318                TIM_Base_SetConfig
 .text.HAL_TIM_Base_Init
                0x080043b4       0x58 CMakeFiles/foc.elf.dir/Drivers/STM32F4xx_HAL_Driver/Src/stm32f4xx_hal_tim.c.obj
                0x080043b4                HAL_TIM_Base_Init
 .text.HAL_TIM_PWM_Init
                0x0800440c       0x58 CMakeFiles/foc.elf.dir/Drivers/STM32F4xx_HAL_Driver/Src/stm32f4xx_hal_tim.c.obj
                0x0800440c                HAL_TIM_PWM_Init
 .text.HAL_TIM_Encoder_Init
                0x08004464       0xb6 CMakeFiles/foc.elf.dir/Drivers/STM32F4xx_HAL_Driver/Src/stm32f4xx_hal_tim.c.obj
                0x08004464                HAL_TIM_Encoder_Init
 *fill*         0x0800451a        0x2 
 .text.TIM_OC2_SetConfig
                0x0800451c       0x64 CMakeFiles/foc.elf.dir/Drivers/STM32F4xx_HAL_Driver/Src/stm32f4xx_hal_tim.c.obj
                0x0800451c                TIM_OC2_SetConfig
 .text.HAL_TIM_PWM_ConfigChannel
                0x08004580       0xdc CMakeFiles/foc.elf.dir/Drivers/STM32F4xx_HAL_Driver/Src/stm32f4xx_hal_tim.c.obj
                0x08004580                HAL_TIM_PWM_ConfigChannel
 .text.TIM_ETR_SetConfig
                0x0800465c       0x1a CMakeFiles/foc.elf.dir/Drivers/STM32F4xx_HAL_Driver/Src/stm32f4xx_hal_tim.c.obj
                0x0800465c                TIM_ETR_SetConfig
 .text.HAL_TIM_ConfigClockSource
                0x08004676       0xfe CMakeFiles/foc.elf.dir/Drivers/STM32F4xx_HAL_Driver/Src/stm32f4xx_hal_tim.c.obj
                0x08004676                HAL_TIM_ConfigClockSource
 .text.HAL_TIMEx_MasterConfigSynchronization
                0x08004774       0x7c CMakeFiles/foc.elf.dir/Drivers/STM32F4xx_HAL_Driver/Src/stm32f4xx_hal_tim_ex.c.obj
                0x08004774                HAL_TIMEx_MasterConfigSynchronization
 .text.HAL_TIMEx_ConfigBreakDeadTime
                0x080047f0       0x52 CMakeFiles/foc.elf.dir/Drivers/STM32F4xx_HAL_Driver/Src/stm32f4xx_hal_tim_ex.c.obj
                0x080047f0                HAL_TIMEx_ConfigBreakDeadTime
 .text.HAL_TIMEx_CommutCallback
                0x08004842        0x2 CMakeFiles/foc.elf.dir/Drivers/STM32F4xx_HAL_Driver/Src/stm32f4xx_hal_tim_ex.c.obj
                0x08004842                HAL_TIMEx_CommutCallback
 .text.HAL_TIMEx_BreakCallback
                0x08004844        0x2 CMakeFiles/foc.elf.dir/Drivers/STM32F4xx_HAL_Driver/Src/stm32f4xx_hal_tim_ex.c.obj
                0x08004844                HAL_TIMEx_BreakCallback
 .text.UART_EndRxTransfer
                0x08004846       0x5c CMakeFiles/foc.elf.dir/Drivers/STM32F4xx_HAL_Driver/Src/stm32f4xx_hal_uart.c.obj
 .text.UART_Transmit_IT
                0x080048a2       0x60 CMakeFiles/foc.elf.dir/Drivers/STM32F4xx_HAL_Driver/Src/stm32f4xx_hal_uart.c.obj
 *fill*         0x08004902        0x2 
 .text.UART_SetConfig
                0x08004904      0x110 CMakeFiles/foc.elf.dir/Drivers/STM32F4xx_HAL_Driver/Src/stm32f4xx_hal_uart.c.obj
 .text.UART_WaitOnFlagUntilTimeout
                0x08004a14       0x88 CMakeFiles/foc.elf.dir/Drivers/STM32F4xx_HAL_Driver/Src/stm32f4xx_hal_uart.c.obj
 .text.HAL_UART_Init
                0x08004a9c       0x5e CMakeFiles/foc.elf.dir/Drivers/STM32F4xx_HAL_Driver/Src/stm32f4xx_hal_uart.c.obj
                0x08004a9c                HAL_UART_Init
 .text.HAL_UART_Transmit
                0x08004afa       0xd8 CMakeFiles/foc.elf.dir/Drivers/STM32F4xx_HAL_Driver/Src/stm32f4xx_hal_uart.c.obj
                0x08004afa                HAL_UART_Transmit
 .text.HAL_UART_TxCpltCallback
                0x08004bd2        0x2 CMakeFiles/foc.elf.dir/Drivers/STM32F4xx_HAL_Driver/Src/stm32f4xx_hal_uart.c.obj
                0x08004bd2                HAL_UART_TxCpltCallback
 .text.UART_EndTransmit_IT
                0x08004bd4       0x1a CMakeFiles/foc.elf.dir/Drivers/STM32F4xx_HAL_Driver/Src/stm32f4xx_hal_uart.c.obj
 .text.HAL_UART_RxCpltCallback
                0x08004bee        0x2 CMakeFiles/foc.elf.dir/Drivers/STM32F4xx_HAL_Driver/Src/stm32f4xx_hal_uart.c.obj
                0x08004bee                HAL_UART_RxCpltCallback
 .text.HAL_UART_ErrorCallback
                0x08004bf0        0x2 CMakeFiles/foc.elf.dir/Drivers/STM32F4xx_HAL_Driver/Src/stm32f4xx_hal_uart.c.obj
                0x08004bf0                HAL_UART_ErrorCallback
 .text.UART_DMAAbortOnError
                0x08004bf2       0x10 CMakeFiles/foc.elf.dir/Drivers/STM32F4xx_HAL_Driver/Src/stm32f4xx_hal_uart.c.obj
 .text.HAL_UARTEx_RxEventCallback
                0x08004c02        0x2 CMakeFiles/foc.elf.dir/Drivers/STM32F4xx_HAL_Driver/Src/stm32f4xx_hal_uart.c.obj
                0x08004c02                HAL_UARTEx_RxEventCallback
 .text.UART_Receive_IT
                0x08004c04       0xe2 CMakeFiles/foc.elf.dir/Drivers/STM32F4xx_HAL_Driver/Src/stm32f4xx_hal_uart.c.obj
 *fill*         0x08004ce6        0x2 
 .text.HAL_UART_IRQHandler
                0x08004ce8      0x280 CMakeFiles/foc.elf.dir/Drivers/STM32F4xx_HAL_Driver/Src/stm32f4xx_hal_uart.c.obj
                0x08004ce8                HAL_UART_IRQHandler
 .text.USB_CoreReset
                0x08004f68       0x50 CMakeFiles/foc.elf.dir/Drivers/STM32F4xx_HAL_Driver/Src/stm32f4xx_ll_usb.c.obj
 .text.USB_CoreInit
                0x08004fb8       0x8a CMakeFiles/foc.elf.dir/Drivers/STM32F4xx_HAL_Driver/Src/stm32f4xx_ll_usb.c.obj
                0x08004fb8                USB_CoreInit
 .text.USB_DisableGlobalInt
                0x08005042        0xc CMakeFiles/foc.elf.dir/Drivers/STM32F4xx_HAL_Driver/Src/stm32f4xx_ll_usb.c.obj
                0x08005042                USB_DisableGlobalInt
 *fill*         0x0800504e        0x2 
 .text.USB_FlushTxFifo
                0x08005050       0x50 CMakeFiles/foc.elf.dir/Drivers/STM32F4xx_HAL_Driver/Src/stm32f4xx_ll_usb.c.obj
                0x08005050                USB_FlushTxFifo
 .text.USB_FlushRxFifo
                0x080050a0       0x4c CMakeFiles/foc.elf.dir/Drivers/STM32F4xx_HAL_Driver/Src/stm32f4xx_ll_usb.c.obj
                0x080050a0                USB_FlushRxFifo
 .text.USB_SetDevSpeed
                0x080050ec        0xe CMakeFiles/foc.elf.dir/Drivers/STM32F4xx_HAL_Driver/Src/stm32f4xx_ll_usb.c.obj
                0x080050ec                USB_SetDevSpeed
 *fill*         0x080050fa        0x2 
 .text.USB_DevInit
                0x080050fc      0x190 CMakeFiles/foc.elf.dir/Drivers/STM32F4xx_HAL_Driver/Src/stm32f4xx_ll_usb.c.obj
                0x080050fc                USB_DevInit
 .text.USB_DevDisconnect
                0x0800528c       0x1c CMakeFiles/foc.elf.dir/Drivers/STM32F4xx_HAL_Driver/Src/stm32f4xx_ll_usb.c.obj
                0x0800528c                USB_DevDisconnect
 .text.USB_GetMode
                0x080052a8        0x8 CMakeFiles/foc.elf.dir/Drivers/STM32F4xx_HAL_Driver/Src/stm32f4xx_ll_usb.c.obj
                0x080052a8                USB_GetMode
 .text.USB_SetCurrentMode
                0x080052b0       0x62 CMakeFiles/foc.elf.dir/Drivers/STM32F4xx_HAL_Driver/Src/stm32f4xx_ll_usb.c.obj
                0x080052b0                USB_SetCurrentMode
 *fill*         0x08005312        0x2 
 .text.as5600_init
                0x08005314       0x60 CMakeFiles/foc.elf.dir/foc/as5600.c.obj
                0x08005314                as5600_init
 .text.as5600_read_angle
                0x08005374       0xc4 CMakeFiles/foc.elf.dir/foc/as5600.c.obj
                0x08005374                as5600_read_angle
 .text.My_IICBusyErrorGPIOInit
                0x08005438       0x30 CMakeFiles/foc.elf.dir/foc/as5600.c.obj
                0x08005438                My_IICBusyErrorGPIOInit
 .text.HAL_IIC_BusyErrorHandler
                0x08005468       0xb0 CMakeFiles/foc.elf.dir/foc/as5600.c.obj
                0x08005468                HAL_IIC_BusyErrorHandler
 .text.__errno  0x08005518        0xc c:/gcc-arm-none-eabi-10.3-2021.10/bin/../lib/gcc/arm-none-eabi/10.3.1/../../../../arm-none-eabi/lib/thumb/v7e-m+fp/hard\libg.a(lib_a-errno.o)
                0x08005518                __errno
 .text.__libc_init_array
                0x08005524       0x48 c:/gcc-arm-none-eabi-10.3-2021.10/bin/../lib/gcc/arm-none-eabi/10.3.1/../../../../arm-none-eabi/lib/thumb/v7e-m+fp/hard\libg.a(lib_a-init.o)
                0x08005524                __libc_init_array
 .text.memset   0x0800556c       0xa4 c:/gcc-arm-none-eabi-10.3-2021.10/bin/../lib/gcc/arm-none-eabi/10.3.1/../../../../arm-none-eabi/lib/thumb/v7e-m+fp/hard\libg.a(lib_a-memset.o)
                0x0800556c                memset
 .text.vsnprintf
                0x08005610       0x70 c:/gcc-arm-none-eabi-10.3-2021.10/bin/../lib/gcc/arm-none-eabi/10.3.1/../../../../arm-none-eabi/lib/thumb/v7e-m+fp/hard\libg.a(lib_a-vsnprintf.o)
                0x08005610                vsnprintf
 .text.startup.register_fini
                0x08005680       0x14 c:/gcc-arm-none-eabi-10.3-2021.10/bin/../lib/gcc/arm-none-eabi/10.3.1/../../../../arm-none-eabi/lib/thumb/v7e-m+fp/hard\libg.a(lib_a-__call_atexit.o)
 .text.atexit   0x08005694        0xc c:/gcc-arm-none-eabi-10.3-2021.10/bin/../lib/gcc/arm-none-eabi/10.3.1/../../../../arm-none-eabi/lib/thumb/v7e-m+fp/hard\libg.a(lib_a-atexit.o)
                0x08005694                atexit
 .text.__libc_fini_array
                0x080056a0       0x2c c:/gcc-arm-none-eabi-10.3-2021.10/bin/../lib/gcc/arm-none-eabi/10.3.1/../../../../arm-none-eabi/lib/thumb/v7e-m+fp/hard\libg.a(lib_a-fini.o)
                0x080056a0                __libc_fini_array
 .text.__retarget_lock_init_recursive
                0x080056cc        0x4 c:/gcc-arm-none-eabi-10.3-2021.10/bin/../lib/gcc/arm-none-eabi/10.3.1/../../../../arm-none-eabi/lib/thumb/v7e-m+fp/hard\libg.a(lib_a-lock.o)
                0x080056cc                __retarget_lock_init_recursive
 .text.__retarget_lock_close_recursive
                0x080056d0        0x4 c:/gcc-arm-none-eabi-10.3-2021.10/bin/../lib/gcc/arm-none-eabi/10.3.1/../../../../arm-none-eabi/lib/thumb/v7e-m+fp/hard\libg.a(lib_a-lock.o)
                0x080056d0                __retarget_lock_close_recursive
 .text.__retarget_lock_acquire_recursive
                0x080056d4        0x4 c:/gcc-arm-none-eabi-10.3-2021.10/bin/../lib/gcc/arm-none-eabi/10.3.1/../../../../arm-none-eabi/lib/thumb/v7e-m+fp/hard\libg.a(lib_a-lock.o)
                0x080056d4                __retarget_lock_acquire_recursive
 .text.__retarget_lock_release_recursive
                0x080056d8        0x4 c:/gcc-arm-none-eabi-10.3-2021.10/bin/../lib/gcc/arm-none-eabi/10.3.1/../../../../arm-none-eabi/lib/thumb/v7e-m+fp/hard\libg.a(lib_a-lock.o)
                0x080056d8                __retarget_lock_release_recursive
 *fill*         0x080056dc        0x4 
 .text._svfprintf_r
                0x080056e0     0x1acc c:/gcc-arm-none-eabi-10.3-2021.10/bin/../lib/gcc/arm-none-eabi/10.3.1/../../../../arm-none-eabi/lib/thumb/v7e-m+fp/hard\libg.a(lib_a-svfprintf.o)
                0x080056e0                _svfprintf_r
 .text.__register_exitproc
                0x080071ac       0x8c c:/gcc-arm-none-eabi-10.3-2021.10/bin/../lib/gcc/arm-none-eabi/10.3.1/../../../../arm-none-eabi/lib/thumb/v7e-m+fp/hard\libg.a(lib_a-__atexit.o)
                0x080071ac                __register_exitproc
 .text.quorem   0x08007238      0x128 c:/gcc-arm-none-eabi-10.3-2021.10/bin/../lib/gcc/arm-none-eabi/10.3.1/../../../../arm-none-eabi/lib/thumb/v7e-m+fp/hard\libg.a(lib_a-dtoa.o)
 .text._dtoa_r  0x08007360      0xf3c c:/gcc-arm-none-eabi-10.3-2021.10/bin/../lib/gcc/arm-none-eabi/10.3.1/../../../../arm-none-eabi/lib/thumb/v7e-m+fp/hard\libg.a(lib_a-dtoa.o)
                0x08007360                _dtoa_r
 .text._malloc_trim_r
                0x0800829c       0xa0 c:/gcc-arm-none-eabi-10.3-2021.10/bin/../lib/gcc/arm-none-eabi/10.3.1/../../../../arm-none-eabi/lib/thumb/v7e-m+fp/hard\libg.a(lib_a-freer.o)
                0x0800829c                _malloc_trim_r
 .text._free_r  0x0800833c      0x20c c:/gcc-arm-none-eabi-10.3-2021.10/bin/../lib/gcc/arm-none-eabi/10.3.1/../../../../arm-none-eabi/lib/thumb/v7e-m+fp/hard\libg.a(lib_a-freer.o)
                0x0800833c                _free_r
 .text._localeconv_r
                0x08008548        0x8 c:/gcc-arm-none-eabi-10.3-2021.10/bin/../lib/gcc/arm-none-eabi/10.3.1/../../../../arm-none-eabi/lib/thumb/v7e-m+fp/hard\libg.a(lib_a-localeconv.o)
                0x08008548                _localeconv_r
 .text._malloc_r
                0x08008550      0x560 c:/gcc-arm-none-eabi-10.3-2021.10/bin/../lib/gcc/arm-none-eabi/10.3.1/../../../../arm-none-eabi/lib/thumb/v7e-m+fp/hard\libg.a(lib_a-mallocr.o)
                0x08008550                _malloc_r
 .text.__malloc_lock
                0x08008ab0        0xc c:/gcc-arm-none-eabi-10.3-2021.10/bin/../lib/gcc/arm-none-eabi/10.3.1/../../../../arm-none-eabi/lib/thumb/v7e-m+fp/hard\libg.a(lib_a-mlock.o)
                0x08008ab0                __malloc_lock
 .text.__malloc_unlock
                0x08008abc        0xc c:/gcc-arm-none-eabi-10.3-2021.10/bin/../lib/gcc/arm-none-eabi/10.3.1/../../../../arm-none-eabi/lib/thumb/v7e-m+fp/hard\libg.a(lib_a-mlock.o)
                0x08008abc                __malloc_unlock
 .text._Balloc  0x08008ac8       0x4c c:/gcc-arm-none-eabi-10.3-2021.10/bin/../lib/gcc/arm-none-eabi/10.3.1/../../../../arm-none-eabi/lib/thumb/v7e-m+fp/hard\libg.a(lib_a-mprec.o)
                0x08008ac8                _Balloc
 .text._Bfree   0x08008b14       0x14 c:/gcc-arm-none-eabi-10.3-2021.10/bin/../lib/gcc/arm-none-eabi/10.3.1/../../../../arm-none-eabi/lib/thumb/v7e-m+fp/hard\libg.a(lib_a-mprec.o)
                0x08008b14                _Bfree
 .text.__multadd
                0x08008b28       0xa8 c:/gcc-arm-none-eabi-10.3-2021.10/bin/../lib/gcc/arm-none-eabi/10.3.1/../../../../arm-none-eabi/lib/thumb/v7e-m+fp/hard\libg.a(lib_a-mprec.o)
                0x08008b28                __multadd
 .text.__hi0bits
                0x08008bd0       0x40 c:/gcc-arm-none-eabi-10.3-2021.10/bin/../lib/gcc/arm-none-eabi/10.3.1/../../../../arm-none-eabi/lib/thumb/v7e-m+fp/hard\libg.a(lib_a-mprec.o)
                0x08008bd0                __hi0bits
 .text.__lo0bits
                0x08008c10       0x60 c:/gcc-arm-none-eabi-10.3-2021.10/bin/../lib/gcc/arm-none-eabi/10.3.1/../../../../arm-none-eabi/lib/thumb/v7e-m+fp/hard\libg.a(lib_a-mprec.o)
                0x08008c10                __lo0bits
 .text.__i2b    0x08008c70       0x5c c:/gcc-arm-none-eabi-10.3-2021.10/bin/../lib/gcc/arm-none-eabi/10.3.1/../../../../arm-none-eabi/lib/thumb/v7e-m+fp/hard\libg.a(lib_a-mprec.o)
                0x08008c70                __i2b
 .text.__multiply
                0x08008ccc      0x15c c:/gcc-arm-none-eabi-10.3-2021.10/bin/../lib/gcc/arm-none-eabi/10.3.1/../../../../arm-none-eabi/lib/thumb/v7e-m+fp/hard\libg.a(lib_a-mprec.o)
                0x08008ccc                __multiply
 .text.__pow5mult
                0x08008e28       0xc0 c:/gcc-arm-none-eabi-10.3-2021.10/bin/../lib/gcc/arm-none-eabi/10.3.1/../../../../arm-none-eabi/lib/thumb/v7e-m+fp/hard\libg.a(lib_a-mprec.o)
                0x08008e28                __pow5mult
 .text.__lshift
                0x08008ee8       0xf0 c:/gcc-arm-none-eabi-10.3-2021.10/bin/../lib/gcc/arm-none-eabi/10.3.1/../../../../arm-none-eabi/lib/thumb/v7e-m+fp/hard\libg.a(lib_a-mprec.o)
                0x08008ee8                __lshift
 .text.__mcmp   0x08008fd8       0x44 c:/gcc-arm-none-eabi-10.3-2021.10/bin/../lib/gcc/arm-none-eabi/10.3.1/../../../../arm-none-eabi/lib/thumb/v7e-m+fp/hard\libg.a(lib_a-mprec.o)
                0x08008fd8                __mcmp
 .text.__mdiff  0x0800901c      0x14c c:/gcc-arm-none-eabi-10.3-2021.10/bin/../lib/gcc/arm-none-eabi/10.3.1/../../../../arm-none-eabi/lib/thumb/v7e-m+fp/hard\libg.a(lib_a-mprec.o)
                0x0800901c                __mdiff
 .text.__d2b    0x08009168       0xd0 c:/gcc-arm-none-eabi-10.3-2021.10/bin/../lib/gcc/arm-none-eabi/10.3.1/../../../../arm-none-eabi/lib/thumb/v7e-m+fp/hard\libg.a(lib_a-mprec.o)
                0x08009168                __d2b
 .text.frexp    0x08009238       0x6c c:/gcc-arm-none-eabi-10.3-2021.10/bin/../lib/gcc/arm-none-eabi/10.3.1/../../../../arm-none-eabi/lib/thumb/v7e-m+fp/hard\libg.a(lib_a-s_frexp.o)
                0x08009238                frexp
 .text._sbrk_r  0x080092a4       0x24 c:/gcc-arm-none-eabi-10.3-2021.10/bin/../lib/gcc/arm-none-eabi/10.3.1/../../../../arm-none-eabi/lib/thumb/v7e-m+fp/hard\libg.a(lib_a-sbrkr.o)
                0x080092a4                _sbrk_r
 .text.strncpy  0x080092c8       0x64 c:/gcc-arm-none-eabi-10.3-2021.10/bin/../lib/gcc/arm-none-eabi/10.3.1/../../../../arm-none-eabi/lib/thumb/v7e-m+fp/hard\libg.a(lib_a-strncpy.o)
                0x080092c8                strncpy
 .text.__ssprint_r
                0x0800932c       0xf8 c:/gcc-arm-none-eabi-10.3-2021.10/bin/../lib/gcc/arm-none-eabi/10.3.1/../../../../arm-none-eabi/lib/thumb/v7e-m+fp/hard\libg.a(lib_a-svfiprintf.o)
                0x0800932c                __ssprint_r
 .text.__assert_func
                0x08009424       0x40 c:/gcc-arm-none-eabi-10.3-2021.10/bin/../lib/gcc/arm-none-eabi/10.3.1/../../../../arm-none-eabi/lib/thumb/v7e-m+fp/hard\libg.a(lib_a-assert.o)
                0x08009424                __assert_func
 .text._calloc_r
                0x08009464       0x78 c:/gcc-arm-none-eabi-10.3-2021.10/bin/../lib/gcc/arm-none-eabi/10.3.1/../../../../arm-none-eabi/lib/thumb/v7e-m+fp/hard\libg.a(lib_a-callocr.o)
                0x08009464                _calloc_r
 .text.fiprintf
                0x080094dc       0x28 c:/gcc-arm-none-eabi-10.3-2021.10/bin/../lib/gcc/arm-none-eabi/10.3.1/../../../../arm-none-eabi/lib/thumb/v7e-m+fp/hard\libg.a(lib_a-fiprintf.o)
                0x080094dc                fiprintf
 .text.__locale_mb_cur_max
                0x08009504        0xc c:/gcc-arm-none-eabi-10.3-2021.10/bin/../lib/gcc/arm-none-eabi/10.3.1/../../../../arm-none-eabi/lib/thumb/v7e-m+fp/hard\libg.a(lib_a-locale.o)
                0x08009504                __locale_mb_cur_max
 .text.__ascii_mbtowc
                0x08009510       0x2c c:/gcc-arm-none-eabi-10.3-2021.10/bin/../lib/gcc/arm-none-eabi/10.3.1/../../../../arm-none-eabi/lib/thumb/v7e-m+fp/hard\libg.a(lib_a-mbtowc_r.o)
                0x08009510                __ascii_mbtowc
 .text.memmove  0x0800953c       0xf8 c:/gcc-arm-none-eabi-10.3-2021.10/bin/../lib/gcc/arm-none-eabi/10.3.1/../../../../arm-none-eabi/lib/thumb/v7e-m+fp/hard\libg.a(lib_a-memmove.o)
                0x0800953c                memmove
 .text._realloc_r
                0x08009634      0x3d8 c:/gcc-arm-none-eabi-10.3-2021.10/bin/../lib/gcc/arm-none-eabi/10.3.1/../../../../arm-none-eabi/lib/thumb/v7e-m+fp/hard\libg.a(lib_a-reallocr.o)
                0x08009634                _realloc_r
 .text.__sprint_r.part.0
                0x08009a0c       0x78 c:/gcc-arm-none-eabi-10.3-2021.10/bin/../lib/gcc/arm-none-eabi/10.3.1/../../../../arm-none-eabi/lib/thumb/v7e-m+fp/hard\libg.a(lib_a-vfiprintf.o)
 .text._vfiprintf_r
                0x08009a84      0xdfc c:/gcc-arm-none-eabi-10.3-2021.10/bin/../lib/gcc/arm-none-eabi/10.3.1/../../../../arm-none-eabi/lib/thumb/v7e-m+fp/hard\libg.a(lib_a-vfiprintf.o)
                0x08009a84                _vfiprintf_r
 .text.__sbprintf
                0x0800a880       0x80 c:/gcc-arm-none-eabi-10.3-2021.10/bin/../lib/gcc/arm-none-eabi/10.3.1/../../../../arm-none-eabi/lib/thumb/v7e-m+fp/hard\libg.a(lib_a-vfiprintf.o)
 .text.__ascii_wctomb
                0x0800a900       0x1c c:/gcc-arm-none-eabi-10.3-2021.10/bin/../lib/gcc/arm-none-eabi/10.3.1/../../../../arm-none-eabi/lib/thumb/v7e-m+fp/hard\libg.a(lib_a-wctomb_r.o)
                0x0800a900                __ascii_wctomb
 .text.__swsetup_r
                0x0800a91c       0xd4 c:/gcc-arm-none-eabi-10.3-2021.10/bin/../lib/gcc/arm-none-eabi/10.3.1/../../../../arm-none-eabi/lib/thumb/v7e-m+fp/hard\libg.a(lib_a-wsetup.o)
                0x0800a91c                __swsetup_r
 .text.abort    0x0800a9f0       0x10 c:/gcc-arm-none-eabi-10.3-2021.10/bin/../lib/gcc/arm-none-eabi/10.3.1/../../../../arm-none-eabi/lib/thumb/v7e-m+fp/hard\libg.a(lib_a-abort.o)
                0x0800a9f0                abort
 .text.__sflush_r
                0x0800aa00      0x130 c:/gcc-arm-none-eabi-10.3-2021.10/bin/../lib/gcc/arm-none-eabi/10.3.1/../../../../arm-none-eabi/lib/thumb/v7e-m+fp/hard\libg.a(lib_a-fflush.o)
                0x0800aa00                __sflush_r
 .text._fflush_r
                0x0800ab30       0x5c c:/gcc-arm-none-eabi-10.3-2021.10/bin/../lib/gcc/arm-none-eabi/10.3.1/../../../../arm-none-eabi/lib/thumb/v7e-m+fp/hard\libg.a(lib_a-fflush.o)
                0x0800ab30                _fflush_r
 .text._cleanup_r
                0x0800ab8c        0xc c:/gcc-arm-none-eabi-10.3-2021.10/bin/../lib/gcc/arm-none-eabi/10.3.1/../../../../arm-none-eabi/lib/thumb/v7e-m+fp/hard\libg.a(lib_a-findfp.o)
                0x0800ab8c                _cleanup_r
 .text.__sinit  0x0800ab98      0x10c c:/gcc-arm-none-eabi-10.3-2021.10/bin/../lib/gcc/arm-none-eabi/10.3.1/../../../../arm-none-eabi/lib/thumb/v7e-m+fp/hard\libg.a(lib_a-findfp.o)
                0x0800ab98                __sinit
 .text.__sfp_lock_acquire
                0x0800aca4        0xc c:/gcc-arm-none-eabi-10.3-2021.10/bin/../lib/gcc/arm-none-eabi/10.3.1/../../../../arm-none-eabi/lib/thumb/v7e-m+fp/hard\libg.a(lib_a-findfp.o)
                0x0800aca4                __sfp_lock_acquire
 .text.__sfp_lock_release
                0x0800acb0        0xc c:/gcc-arm-none-eabi-10.3-2021.10/bin/../lib/gcc/arm-none-eabi/10.3.1/../../../../arm-none-eabi/lib/thumb/v7e-m+fp/hard\libg.a(lib_a-findfp.o)
                0x0800acb0                __sfp_lock_release
 .text.__fputwc
                0x0800acbc       0xa8 c:/gcc-arm-none-eabi-10.3-2021.10/bin/../lib/gcc/arm-none-eabi/10.3.1/../../../../arm-none-eabi/lib/thumb/v7e-m+fp/hard\libg.a(lib_a-fputwc.o)
                0x0800acbc                __fputwc
 .text._fputwc_r
                0x0800ad64       0x68 c:/gcc-arm-none-eabi-10.3-2021.10/bin/../lib/gcc/arm-none-eabi/10.3.1/../../../../arm-none-eabi/lib/thumb/v7e-m+fp/hard\libg.a(lib_a-fputwc.o)
                0x0800ad64                _fputwc_r
 .text.__sfvwrite_r
                0x0800adcc      0x2f0 c:/gcc-arm-none-eabi-10.3-2021.10/bin/../lib/gcc/arm-none-eabi/10.3.1/../../../../arm-none-eabi/lib/thumb/v7e-m+fp/hard\libg.a(lib_a-fvwrite.o)
                0x0800adcc                __sfvwrite_r
 .text._fwalk_reent
                0x0800b0bc       0x48 c:/gcc-arm-none-eabi-10.3-2021.10/bin/../lib/gcc/arm-none-eabi/10.3.1/../../../../arm-none-eabi/lib/thumb/v7e-m+fp/hard\libg.a(lib_a-fwalk.o)
                0x0800b0bc                _fwalk_reent
 .text.__smakebuf_r
                0x0800b104       0xe0 c:/gcc-arm-none-eabi-10.3-2021.10/bin/../lib/gcc/arm-none-eabi/10.3.1/../../../../arm-none-eabi/lib/thumb/v7e-m+fp/hard\libg.a(lib_a-makebuf.o)
                0x0800b104                __smakebuf_r
 .text.raise    0x0800b1e4       0x5c c:/gcc-arm-none-eabi-10.3-2021.10/bin/../lib/gcc/arm-none-eabi/10.3.1/../../../../arm-none-eabi/lib/thumb/v7e-m+fp/hard\libg.a(lib_a-signal.o)
                0x0800b1e4                raise
 .text._kill_r  0x0800b240       0x2c c:/gcc-arm-none-eabi-10.3-2021.10/bin/../lib/gcc/arm-none-eabi/10.3.1/../../../../arm-none-eabi/lib/thumb/v7e-m+fp/hard\libg.a(lib_a-signalr.o)
                0x0800b240                _kill_r
 .text._getpid_r
                0x0800b26c        0x4 c:/gcc-arm-none-eabi-10.3-2021.10/bin/../lib/gcc/arm-none-eabi/10.3.1/../../../../arm-none-eabi/lib/thumb/v7e-m+fp/hard\libg.a(lib_a-signalr.o)
                0x0800b26c                _getpid_r
 .text.__sread  0x0800b270       0x24 c:/gcc-arm-none-eabi-10.3-2021.10/bin/../lib/gcc/arm-none-eabi/10.3.1/../../../../arm-none-eabi/lib/thumb/v7e-m+fp/hard\libg.a(lib_a-stdio.o)
                0x0800b270                __sread
 .text.__swrite
                0x0800b294       0x40 c:/gcc-arm-none-eabi-10.3-2021.10/bin/../lib/gcc/arm-none-eabi/10.3.1/../../../../arm-none-eabi/lib/thumb/v7e-m+fp/hard\libg.a(lib_a-stdio.o)
                0x0800b294                __swrite
 .text.__sseek  0x0800b2d4       0x20 c:/gcc-arm-none-eabi-10.3-2021.10/bin/../lib/gcc/arm-none-eabi/10.3.1/../../../../arm-none-eabi/lib/thumb/v7e-m+fp/hard\libg.a(lib_a-stdio.o)
                0x0800b2d4                __sseek
 .text.__sclose
                0x0800b2f4        0x8 c:/gcc-arm-none-eabi-10.3-2021.10/bin/../lib/gcc/arm-none-eabi/10.3.1/../../../../arm-none-eabi/lib/thumb/v7e-m+fp/hard\libg.a(lib_a-stdio.o)
                0x0800b2f4                __sclose
 .text.__swbuf_r
                0x0800b2fc       0xb0 c:/gcc-arm-none-eabi-10.3-2021.10/bin/../lib/gcc/arm-none-eabi/10.3.1/../../../../arm-none-eabi/lib/thumb/v7e-m+fp/hard\libg.a(lib_a-wbuf.o)
                0x0800b2fc                __swbuf_r
 .text._wcrtomb_r
                0x0800b3ac       0x3c c:/gcc-arm-none-eabi-10.3-2021.10/bin/../lib/gcc/arm-none-eabi/10.3.1/../../../../arm-none-eabi/lib/thumb/v7e-m+fp/hard\libg.a(lib_a-wcrtomb.o)
                0x0800b3ac                _wcrtomb_r
 .text._write_r
                0x0800b3e8       0x2c c:/gcc-arm-none-eabi-10.3-2021.10/bin/../lib/gcc/arm-none-eabi/10.3.1/../../../../arm-none-eabi/lib/thumb/v7e-m+fp/hard\libg.a(lib_a-writer.o)
                0x0800b3e8                _write_r
 .text._close_r
                0x0800b414       0x24 c:/gcc-arm-none-eabi-10.3-2021.10/bin/../lib/gcc/arm-none-eabi/10.3.1/../../../../arm-none-eabi/lib/thumb/v7e-m+fp/hard\libg.a(lib_a-closer.o)
                0x0800b414                _close_r
 .text._fclose_r
                0x0800b438       0xcc c:/gcc-arm-none-eabi-10.3-2021.10/bin/../lib/gcc/arm-none-eabi/10.3.1/../../../../arm-none-eabi/lib/thumb/v7e-m+fp/hard\libg.a(lib_a-fclose.o)
                0x0800b438                _fclose_r
 .text._fstat_r
                0x0800b504       0x2c c:/gcc-arm-none-eabi-10.3-2021.10/bin/../lib/gcc/arm-none-eabi/10.3.1/../../../../arm-none-eabi/lib/thumb/v7e-m+fp/hard\libg.a(lib_a-fstatr.o)
                0x0800b504                _fstat_r
 .text._isatty_r
                0x0800b530       0x24 c:/gcc-arm-none-eabi-10.3-2021.10/bin/../lib/gcc/arm-none-eabi/10.3.1/../../../../arm-none-eabi/lib/thumb/v7e-m+fp/hard\libg.a(lib_a-isattyr.o)
                0x0800b530                _isatty_r
 .text._lseek_r
                0x0800b554       0x2c c:/gcc-arm-none-eabi-10.3-2021.10/bin/../lib/gcc/arm-none-eabi/10.3.1/../../../../arm-none-eabi/lib/thumb/v7e-m+fp/hard\libg.a(lib_a-lseekr.o)
                0x0800b554                _lseek_r
 .text._read_r  0x0800b580       0x2c c:/gcc-arm-none-eabi-10.3-2021.10/bin/../lib/gcc/arm-none-eabi/10.3.1/../../../../arm-none-eabi/lib/thumb/v7e-m+fp/hard\libg.a(lib_a-readr.o)
                0x0800b580                _read_r
 .text.fmodf    0x0800b5ac       0x48 c:/gcc-arm-none-eabi-10.3-2021.10/bin/../lib/gcc/arm-none-eabi/10.3.1/../../../../arm-none-eabi/lib/thumb/v7e-m+fp/hard\libm.a(lib_a-wf_fmod.o)
                0x0800b5ac                fmodf
 .text.__ieee754_fmodf
                0x0800b5f4      0x120 c:/gcc-arm-none-eabi-10.3-2021.10/bin/../lib/gcc/arm-none-eabi/10.3.1/../../../../arm-none-eabi/lib/thumb/v7e-m+fp/hard\libm.a(lib_a-ef_fmod.o)
                0x0800b5f4                __ieee754_fmodf
 *(.glue_7)
 .glue_7        0x0800b714        0x0 linker stubs
 *(.glue_7t)
 .glue_7t       0x0800b714        0x0 linker stubs
 *(.eh_frame)
 .eh_frame      0x0800b714        0x0 c:/gcc-arm-none-eabi-10.3-2021.10/bin/../lib/gcc/arm-none-eabi/10.3.1/thumb/v7e-m+fp/hard/crtbegin.o
 *(.init)
 .init          0x0800b714        0x4 c:/gcc-arm-none-eabi-10.3-2021.10/bin/../lib/gcc/arm-none-eabi/10.3.1/thumb/v7e-m+fp/hard/crti.o
                0x0800b714                _init
 .init          0x0800b718        0x8 c:/gcc-arm-none-eabi-10.3-2021.10/bin/../lib/gcc/arm-none-eabi/10.3.1/thumb/v7e-m+fp/hard/crtn.o
 *(.fini)
 .fini          0x0800b720        0x4 c:/gcc-arm-none-eabi-10.3-2021.10/bin/../lib/gcc/arm-none-eabi/10.3.1/thumb/v7e-m+fp/hard/crti.o
                0x0800b720                _fini
 .fini          0x0800b724        0x8 c:/gcc-arm-none-eabi-10.3-2021.10/bin/../lib/gcc/arm-none-eabi/10.3.1/thumb/v7e-m+fp/hard/crtn.o
                0x0800b72c                . = ALIGN (0x4)
                0x0800b72c                _etext = .

.vfp11_veneer   0x0800b72c        0x0
 .vfp11_veneer  0x0800b72c        0x0 linker stubs

.v4_bx          0x0800b72c        0x0
 .v4_bx         0x0800b72c        0x0 linker stubs

.iplt           0x0800b72c        0x0
 .iplt          0x0800b72c        0x0 c:/gcc-arm-none-eabi-10.3-2021.10/bin/../lib/gcc/arm-none-eabi/10.3.1/thumb/v7e-m+fp/hard/crtbegin.o

.rodata         0x0800b730      0x440
                0x0800b730                . = ALIGN (0x4)
 *(.rodata)
 *(.rodata*)
 .rodata.main.str1.4
                0x0800b730       0x1b CMakeFiles/foc.elf.dir/Core/Src/main.c.obj
 *fill*         0x0800b74b        0x1 
 .rodata.AHBPrescTable
                0x0800b74c       0x10 CMakeFiles/foc.elf.dir/Core/Src/system_stm32f4xx.c.obj
                0x0800b74c                AHBPrescTable
 .rodata.APBPrescTable
                0x0800b75c        0x8 CMakeFiles/foc.elf.dir/Core/Src/system_stm32f4xx.c.obj
                0x0800b75c                APBPrescTable
 .rodata.flagBitshiftOffset.0
                0x0800b764        0x8 CMakeFiles/foc.elf.dir/Drivers/STM32F4xx_HAL_Driver/Src/stm32f4xx_hal_dma.c.obj
 .rodata._global_impure_ptr
                0x0800b76c        0x4 c:/gcc-arm-none-eabi-10.3-2021.10/bin/../lib/gcc/arm-none-eabi/10.3.1/../../../../arm-none-eabi/lib/thumb/v7e-m+fp/hard\libg.a(lib_a-impure.o)
                0x0800b76c                _global_impure_ptr
 .rodata._svfprintf_r.str1.4
                0x0800b770       0x42 c:/gcc-arm-none-eabi-10.3-2021.10/bin/../lib/gcc/arm-none-eabi/10.3.1/../../../../arm-none-eabi/lib/thumb/v7e-m+fp/hard\libg.a(lib_a-svfprintf.o)
 *fill*         0x0800b7b2        0x2 
 .rodata.blanks.1
                0x0800b7b4       0x10 c:/gcc-arm-none-eabi-10.3-2021.10/bin/../lib/gcc/arm-none-eabi/10.3.1/../../../../arm-none-eabi/lib/thumb/v7e-m+fp/hard\libg.a(lib_a-svfprintf.o)
 .rodata.zeroes.0
                0x0800b7c4       0x10 c:/gcc-arm-none-eabi-10.3-2021.10/bin/../lib/gcc/arm-none-eabi/10.3.1/../../../../arm-none-eabi/lib/thumb/v7e-m+fp/hard\libg.a(lib_a-svfprintf.o)
 .rodata._dtoa_r.str1.4
                0x0800b7d4       0xa2 c:/gcc-arm-none-eabi-10.3-2021.10/bin/../lib/gcc/arm-none-eabi/10.3.1/../../../../arm-none-eabi/lib/thumb/v7e-m+fp/hard\libg.a(lib_a-dtoa.o)
                                 0xa6 (size before relaxing)
 *fill*         0x0800b876        0x2 
 .rodata.__multadd.str1.4
                0x0800b878       0x7f c:/gcc-arm-none-eabi-10.3-2021.10/bin/../lib/gcc/arm-none-eabi/10.3.1/../../../../arm-none-eabi/lib/thumb/v7e-m+fp/hard\libg.a(lib_a-mprec.o)
                                 0x93 (size before relaxing)
 *fill*         0x0800b8f7        0x1 
 .rodata.__mprec_bigtens
                0x0800b8f8       0x28 c:/gcc-arm-none-eabi-10.3-2021.10/bin/../lib/gcc/arm-none-eabi/10.3.1/../../../../arm-none-eabi/lib/thumb/v7e-m+fp/hard\libg.a(lib_a-mprec.o)
                0x0800b8f8                __mprec_bigtens
 .rodata.__mprec_tens
                0x0800b920       0xc8 c:/gcc-arm-none-eabi-10.3-2021.10/bin/../lib/gcc/arm-none-eabi/10.3.1/../../../../arm-none-eabi/lib/thumb/v7e-m+fp/hard\libg.a(lib_a-mprec.o)
                0x0800b920                __mprec_tens
 .rodata.p05.0  0x0800b9e8        0xc c:/gcc-arm-none-eabi-10.3-2021.10/bin/../lib/gcc/arm-none-eabi/10.3.1/../../../../arm-none-eabi/lib/thumb/v7e-m+fp/hard\libg.a(lib_a-mprec.o)
 .rodata.__assert_func.str1.4
                0x0800b9f4       0x3f c:/gcc-arm-none-eabi-10.3-2021.10/bin/../lib/gcc/arm-none-eabi/10.3.1/../../../../arm-none-eabi/lib/thumb/v7e-m+fp/hard\libg.a(lib_a-assert.o)
                                 0x43 (size before relaxing)
 *fill*         0x0800ba33        0x1 
 .rodata._setlocale_r.str1.4
                0x0800ba34        0xa c:/gcc-arm-none-eabi-10.3-2021.10/bin/../lib/gcc/arm-none-eabi/10.3.1/../../../../arm-none-eabi/lib/thumb/v7e-m+fp/hard\libg.a(lib_a-locale.o)
                                  0xd (size before relaxing)
 *fill*         0x0800ba3e        0x2 
 .rodata.str1.4
                0x0800ba40        0x2 c:/gcc-arm-none-eabi-10.3-2021.10/bin/../lib/gcc/arm-none-eabi/10.3.1/../../../../arm-none-eabi/lib/thumb/v7e-m+fp/hard\libg.a(lib_a-locale.o)
 .rodata._vfiprintf_r.str1.4
                0x0800ba42       0x2f c:/gcc-arm-none-eabi-10.3-2021.10/bin/../lib/gcc/arm-none-eabi/10.3.1/../../../../arm-none-eabi/lib/thumb/v7e-m+fp/hard\libg.a(lib_a-vfiprintf.o)
 *fill*         0x0800ba42        0x2 
 .rodata.blanks.1
                0x0800ba44       0x10 c:/gcc-arm-none-eabi-10.3-2021.10/bin/../lib/gcc/arm-none-eabi/10.3.1/../../../../arm-none-eabi/lib/thumb/v7e-m+fp/hard\libg.a(lib_a-vfiprintf.o)
 .rodata.zeroes.0
                0x0800ba54       0x10 c:/gcc-arm-none-eabi-10.3-2021.10/bin/../lib/gcc/arm-none-eabi/10.3.1/../../../../arm-none-eabi/lib/thumb/v7e-m+fp/hard\libg.a(lib_a-vfiprintf.o)
 .rodata._ctype_
                0x0800ba64      0x101 c:/gcc-arm-none-eabi-10.3-2021.10/bin/../lib/gcc/arm-none-eabi/10.3.1/../../../../arm-none-eabi/lib/thumb/v7e-m+fp/hard\libg.a(lib_a-ctype_.o)
                0x0800ba64                _ctype_
 *fill*         0x0800bb65        0x3 
 .rodata.Zero   0x0800bb68        0x8 c:/gcc-arm-none-eabi-10.3-2021.10/bin/../lib/gcc/arm-none-eabi/10.3.1/../../../../arm-none-eabi/lib/thumb/v7e-m+fp/hard\libm.a(lib_a-ef_fmod.o)
                0x0800bb70                . = ALIGN (0x4)

.ARM.extab      0x0800bb70        0x0
                0x0800bb70                . = ALIGN (0x4)
 *(.ARM.extab* .gnu.linkonce.armextab.*)
                0x0800bb70                . = ALIGN (0x4)

.ARM            0x0800bb70        0x8
                0x0800bb70                . = ALIGN (0x4)
                0x0800bb70                __exidx_start = .
 *(.ARM.exidx*)
 .ARM.exidx     0x0800bb70        0x8 c:/gcc-arm-none-eabi-10.3-2021.10/bin/../lib/gcc/arm-none-eabi/10.3.1/thumb/v7e-m+fp/hard\libgcc.a(_udivmoddi4.o)
                0x0800bb78                __exidx_end = .
                0x0800bb78                . = ALIGN (0x4)

.rel.dyn        0x0800bb78        0x0
 .rel.iplt      0x0800bb78        0x0 c:/gcc-arm-none-eabi-10.3-2021.10/bin/../lib/gcc/arm-none-eabi/10.3.1/thumb/v7e-m+fp/hard/crtbegin.o

.preinit_array  0x0800bb78        0x0
                0x0800bb78                . = ALIGN (0x4)
                0x0800bb78                PROVIDE (__preinit_array_start = .)
 *(.preinit_array*)
                0x0800bb78                PROVIDE (__preinit_array_end = .)
                0x0800bb78                . = ALIGN (0x4)

.init_array     0x0800bb78        0x8
                0x0800bb78                . = ALIGN (0x4)
                0x0800bb78                PROVIDE (__init_array_start = .)
 *(SORT_BY_NAME(.init_array.*))
 .init_array.00000
                0x0800bb78        0x4 c:/gcc-arm-none-eabi-10.3-2021.10/bin/../lib/gcc/arm-none-eabi/10.3.1/../../../../arm-none-eabi/lib/thumb/v7e-m+fp/hard\libg.a(lib_a-__call_atexit.o)
 *(.init_array*)
 .init_array    0x0800bb7c        0x4 c:/gcc-arm-none-eabi-10.3-2021.10/bin/../lib/gcc/arm-none-eabi/10.3.1/thumb/v7e-m+fp/hard/crtbegin.o
                0x0800bb80                PROVIDE (__init_array_end = .)
                0x0800bb80                . = ALIGN (0x4)

.fini_array     0x0800bb80        0x4
                0x0800bb80                . = ALIGN (0x4)
                0x0800bb80                PROVIDE (__fini_array_start = .)
 *(SORT_BY_NAME(.fini_array.*))
 *(.fini_array*)
 .fini_array    0x0800bb80        0x4 c:/gcc-arm-none-eabi-10.3-2021.10/bin/../lib/gcc/arm-none-eabi/10.3.1/thumb/v7e-m+fp/hard/crtbegin.o
                0x0800bb84                PROVIDE (__fini_array_end = .)
                0x0800bb84                . = ALIGN (0x4)
                0x0800bb84                _sidata = LOADADDR (.data)

.data           0x20000000      0x9b8 load address 0x0800bb84
                0x20000000                . = ALIGN (0x4)
                0x20000000                _sdata = .
 *(.data)
 *(.data*)
 .data.SystemCoreClock
                0x20000000        0x4 CMakeFiles/foc.elf.dir/Core/Src/system_stm32f4xx.c.obj
                0x20000000                SystemCoreClock
 .data.uwTickFreq
                0x20000004        0x1 CMakeFiles/foc.elf.dir/Drivers/STM32F4xx_HAL_Driver/Src/stm32f4xx_hal.c.obj
                0x20000004                uwTickFreq
 *fill*         0x20000005        0x3 
 .data.uwTickPrio
                0x20000008        0x4 CMakeFiles/foc.elf.dir/Drivers/STM32F4xx_HAL_Driver/Src/stm32f4xx_hal.c.obj
                0x20000008                uwTickPrio
 .data._impure_ptr
                0x2000000c        0x4 c:/gcc-arm-none-eabi-10.3-2021.10/bin/../lib/gcc/arm-none-eabi/10.3.1/../../../../arm-none-eabi/lib/thumb/v7e-m+fp/hard\libg.a(lib_a-impure.o)
                0x2000000c                _impure_ptr
 .data.impure_data
                0x20000010      0x428 c:/gcc-arm-none-eabi-10.3-2021.10/bin/../lib/gcc/arm-none-eabi/10.3.1/../../../../arm-none-eabi/lib/thumb/v7e-m+fp/hard\libg.a(lib_a-impure.o)
 .data.__atexit_recursive_mutex
                0x20000438        0x4 c:/gcc-arm-none-eabi-10.3-2021.10/bin/../lib/gcc/arm-none-eabi/10.3.1/../../../../arm-none-eabi/lib/thumb/v7e-m+fp/hard\libg.a(lib_a-__call_atexit.o)
                0x20000438                __atexit_recursive_mutex
 .data.__malloc_av_
                0x2000043c      0x408 c:/gcc-arm-none-eabi-10.3-2021.10/bin/../lib/gcc/arm-none-eabi/10.3.1/../../../../arm-none-eabi/lib/thumb/v7e-m+fp/hard\libg.a(lib_a-mallocr.o)
                0x2000043c                __malloc_av_
 .data.__malloc_sbrk_base
                0x20000844        0x4 c:/gcc-arm-none-eabi-10.3-2021.10/bin/../lib/gcc/arm-none-eabi/10.3.1/../../../../arm-none-eabi/lib/thumb/v7e-m+fp/hard\libg.a(lib_a-mallocr.o)
                0x20000844                __malloc_sbrk_base
 .data.__malloc_trim_threshold